Archive member included because of file (symbol)

.\CortexM0\ARM_GCC_484\Debug\SW.a(cyfitter_cfg.o)
                              .\CortexM0\ARM_GCC_484\Debug\Cm0Start.o (cyfitter_cfg)
.\CortexM0\ARM_GCC_484\Debug\SW.a(Timer_1.o)
                              .\CortexM0\ARM_GCC_484\Debug\main.o (Timer_1_Stop)
.\CortexM0\ARM_GCC_484\Debug\SW.a(SW.o)
                              .\CortexM0\ARM_GCC_484\Debug\main.o (SW_ClearInterrupt)
.\CortexM0\ARM_GCC_484\Debug\SW.a(isr_1.o)
                              .\CortexM0\ARM_GCC_484\Debug\main.o (isr_1_StartEx)
.\CortexM0\ARM_GCC_484\Debug\SW.a(LED_PIN.o)
                              .\CortexM0\ARM_GCC_484\Debug\main.o (LED_PIN_Write)
.\CortexM0\ARM_GCC_484\Debug\SW.a(isr_2.o)
                              .\CortexM0\ARM_GCC_484\Debug\main.o (isr_2_StartEx)
.\CortexM0\ARM_GCC_484\Debug\SW.a(CyBootAsmGnu.o)
                              .\CortexM0\ARM_GCC_484\Debug\SW.a(Timer_1.o) (CyEnterCriticalSection)
.\CortexM0\ARM_GCC_484\Debug\SW.a(CyLib.o)
                              .\CortexM0\ARM_GCC_484\Debug\SW.a(cyfitter_cfg.o) (CyIntEnable)
.\CortexM0\ARM_GCC_484\Debug\SW.a(CyLFClk.o)
                              .\CortexM0\ARM_GCC_484\Debug\SW.a(cyfitter_cfg.o) (CySysWdtIsr)
.\CortexM0\ARM_GCC_484\Debug\SW.a(UART_1.o)
                              .\CortexM0\ARM_GCC_484\Debug\main.o (UART_1_Start)
.\CortexM0\ARM_GCC_484\Debug\SW.a(UART_1_UART.o)
                              .\CortexM0\ARM_GCC_484\Debug\SW.a(UART_1.o) (UART_1_UartInit)
.\CortexM0\ARM_GCC_484\Debug\SW.a(UART_1_SPI_UART.o)
                              .\CortexM0\ARM_GCC_484\Debug\SW.a(UART_1_UART.o) (UART_1_SpiUartReadRxData)
c:/program files (x86)/cypress/psoc creator/3.2/psoc creator/import/gnu/arm/4.8.4/bin/../lib/gcc/arm-none-eabi/4.8.4/armv6-m\libgcc.a(_udivsi3.o)
                              .\CortexM0\ARM_GCC_484\Debug\SW.a(CyLib.o) (__aeabi_uidiv)
c:/program files (x86)/cypress/psoc creator/3.2/psoc creator/import/gnu/arm/4.8.4/bin/../lib/gcc/arm-none-eabi/4.8.4/armv6-m\libgcc.a(_dvmd_tls.o)
                              c:/program files (x86)/cypress/psoc creator/3.2/psoc creator/import/gnu/arm/4.8.4/bin/../lib/gcc/arm-none-eabi/4.8.4/armv6-m\libgcc.a(_udivsi3.o) (__aeabi_idiv0)
c:/program files (x86)/cypress/psoc creator/3.2/psoc creator/import/gnu/arm/4.8.4/bin/../lib/gcc/arm-none-eabi/4.8.4/../../../../arm-none-eabi/lib/armv6-m\libg_s.a(lib_a-errno.o)
                              .\CortexM0\ARM_GCC_484\Debug\Cm0Start.o (__errno)
c:/program files (x86)/cypress/psoc creator/3.2/psoc creator/import/gnu/arm/4.8.4/bin/../lib/gcc/arm-none-eabi/4.8.4/../../../../arm-none-eabi/lib/armv6-m\libg_s.a(lib_a-exit.o)
                              c:/program files (x86)/cypress/psoc creator/3.2/psoc creator/import/gnu/arm/4.8.4/bin/../lib/gcc/arm-none-eabi/4.8.4/../../../../arm-none-eabi/lib/armv6-m/crt0.o (exit)
c:/program files (x86)/cypress/psoc creator/3.2/psoc creator/import/gnu/arm/4.8.4/bin/../lib/gcc/arm-none-eabi/4.8.4/../../../../arm-none-eabi/lib/armv6-m\libg_s.a(lib_a-impure.o)
                              c:/program files (x86)/cypress/psoc creator/3.2/psoc creator/import/gnu/arm/4.8.4/bin/../lib/gcc/arm-none-eabi/4.8.4/../../../../arm-none-eabi/lib/armv6-m\libg_s.a(lib_a-exit.o) (_global_impure_ptr)
c:/program files (x86)/cypress/psoc creator/3.2/psoc creator/import/gnu/arm/4.8.4/bin/../lib/gcc/arm-none-eabi/4.8.4/../../../../arm-none-eabi/lib/armv6-m\libg_s.a(lib_a-init.o)
                              c:/program files (x86)/cypress/psoc creator/3.2/psoc creator/import/gnu/arm/4.8.4/bin/../lib/gcc/arm-none-eabi/4.8.4/../../../../arm-none-eabi/lib/armv6-m/crt0.o (__libc_init_array)
c:/program files (x86)/cypress/psoc creator/3.2/psoc creator/import/gnu/arm/4.8.4/bin/../lib/gcc/arm-none-eabi/4.8.4/../../../../arm-none-eabi/lib/armv6-m\libg_s.a(lib_a-memset.o)
                              c:/program files (x86)/cypress/psoc creator/3.2/psoc creator/import/gnu/arm/4.8.4/bin/../lib/gcc/arm-none-eabi/4.8.4/../../../../arm-none-eabi/lib/armv6-m/crt0.o (memset)

Discarded input sections

 .text          0x00000000        0x0 c:/program files (x86)/cypress/psoc creator/3.2/psoc creator/import/gnu/arm/4.8.4/bin/../lib/gcc/arm-none-eabi/4.8.4/armv6-m/crti.o
 .data          0x00000000        0x0 c:/program files (x86)/cypress/psoc creator/3.2/psoc creator/import/gnu/arm/4.8.4/bin/../lib/gcc/arm-none-eabi/4.8.4/armv6-m/crti.o
 .bss           0x00000000        0x0 c:/program files (x86)/cypress/psoc creator/3.2/psoc creator/import/gnu/arm/4.8.4/bin/../lib/gcc/arm-none-eabi/4.8.4/armv6-m/crti.o
 .data          0x00000000        0x4 c:/program files (x86)/cypress/psoc creator/3.2/psoc creator/import/gnu/arm/4.8.4/bin/../lib/gcc/arm-none-eabi/4.8.4/armv6-m/crtbegin.o
 .text          0x00000000       0x78 c:/program files (x86)/cypress/psoc creator/3.2/psoc creator/import/gnu/arm/4.8.4/bin/../lib/gcc/arm-none-eabi/4.8.4/../../../../arm-none-eabi/lib/armv6-m/crt0.o
 .data          0x00000000        0x0 c:/program files (x86)/cypress/psoc creator/3.2/psoc creator/import/gnu/arm/4.8.4/bin/../lib/gcc/arm-none-eabi/4.8.4/../../../../arm-none-eabi/lib/armv6-m/crt0.o
 .bss           0x00000000        0x0 c:/program files (x86)/cypress/psoc creator/3.2/psoc creator/import/gnu/arm/4.8.4/bin/../lib/gcc/arm-none-eabi/4.8.4/../../../../arm-none-eabi/lib/armv6-m/crt0.o
 .ARM.extab     0x00000000        0x0 c:/program files (x86)/cypress/psoc creator/3.2/psoc creator/import/gnu/arm/4.8.4/bin/../lib/gcc/arm-none-eabi/4.8.4/../../../../arm-none-eabi/lib/armv6-m/crt0.o
 .ARM.exidx     0x00000000        0x8 c:/program files (x86)/cypress/psoc creator/3.2/psoc creator/import/gnu/arm/4.8.4/bin/../lib/gcc/arm-none-eabi/4.8.4/../../../../arm-none-eabi/lib/armv6-m/crt0.o
 .text          0x00000000        0x0 .\CortexM0\ARM_GCC_484\Debug\main.o
 .data          0x00000000        0x0 .\CortexM0\ARM_GCC_484\Debug\main.o
 .bss           0x00000000        0x0 .\CortexM0\ARM_GCC_484\Debug\main.o
 .text          0x00000000        0x0 .\CortexM0\ARM_GCC_484\Debug\cymetadata.o
 .data          0x00000000        0x0 .\CortexM0\ARM_GCC_484\Debug\cymetadata.o
 .bss           0x00000000        0x0 .\CortexM0\ARM_GCC_484\Debug\cymetadata.o
 .text          0x00000000        0x0 .\CortexM0\ARM_GCC_484\Debug\Cm0Start.o
 .data          0x00000000        0x4 .\CortexM0\ARM_GCC_484\Debug\Cm0Start.o
 .bss           0x00000000        0x0 .\CortexM0\ARM_GCC_484\Debug\Cm0Start.o
 .text._exit    0x00000000        0xc .\CortexM0\ARM_GCC_484\Debug\Cm0Start.o
 .text._sbrk    0x00000000       0x30 .\CortexM0\ARM_GCC_484\Debug\Cm0Start.o
 .text          0x00000000        0x0 .\CortexM0\ARM_GCC_484\Debug\SW.a(cyfitter_cfg.o)
 .data          0x00000000        0x0 .\CortexM0\ARM_GCC_484\Debug\SW.a(cyfitter_cfg.o)
 .bss           0x00000000        0x0 .\CortexM0\ARM_GCC_484\Debug\SW.a(cyfitter_cfg.o)
 .text          0x00000000        0x0 .\CortexM0\ARM_GCC_484\Debug\SW.a(Timer_1.o)
 .data          0x00000000        0x0 .\CortexM0\ARM_GCC_484\Debug\SW.a(Timer_1.o)
 .text.Timer_1_SoftwareCapture
                0x00000000        0xc .\CortexM0\ARM_GCC_484\Debug\SW.a(Timer_1.o)
 .text.Timer_1_ReadControlRegister
                0x00000000        0xc .\CortexM0\ARM_GCC_484\Debug\SW.a(Timer_1.o)
 .text.Timer_1_WriteControlRegister
                0x00000000        0xc .\CortexM0\ARM_GCC_484\Debug\SW.a(Timer_1.o)
 .text.Timer_1_ReadPeriod
                0x00000000        0xc .\CortexM0\ARM_GCC_484\Debug\SW.a(Timer_1.o)
 .text.Timer_1_ReadCounter
                0x00000000       0x14 .\CortexM0\ARM_GCC_484\Debug\SW.a(Timer_1.o)
 .text          0x00000000        0x0 .\CortexM0\ARM_GCC_484\Debug\SW.a(SW.o)
 .data          0x00000000        0x0 .\CortexM0\ARM_GCC_484\Debug\SW.a(SW.o)
 .bss           0x00000000        0x0 .\CortexM0\ARM_GCC_484\Debug\SW.a(SW.o)
 .text.SW_Write
                0x00000000       0x18 .\CortexM0\ARM_GCC_484\Debug\SW.a(SW.o)
 .text.SW_SetDriveMode
                0x00000000       0x1c .\CortexM0\ARM_GCC_484\Debug\SW.a(SW.o)
 .text.SW_Read  0x00000000       0x10 .\CortexM0\ARM_GCC_484\Debug\SW.a(SW.o)
 .text.SW_ReadDataReg
                0x00000000       0x10 .\CortexM0\ARM_GCC_484\Debug\SW.a(SW.o)
 .text          0x00000000        0x0 .\CortexM0\ARM_GCC_484\Debug\SW.a(isr_1.o)
 .data          0x00000000        0x0 .\CortexM0\ARM_GCC_484\Debug\SW.a(isr_1.o)
 .bss           0x00000000        0x0 .\CortexM0\ARM_GCC_484\Debug\SW.a(isr_1.o)
 .text.isr_1_Interrupt
                0x00000000        0x4 .\CortexM0\ARM_GCC_484\Debug\SW.a(isr_1.o)
 .text.isr_1_GetVector
                0x00000000        0xc .\CortexM0\ARM_GCC_484\Debug\SW.a(isr_1.o)
 .text.isr_1_GetPriority
                0x00000000       0x10 .\CortexM0\ARM_GCC_484\Debug\SW.a(isr_1.o)
 .text.isr_1_GetState
                0x00000000       0x10 .\CortexM0\ARM_GCC_484\Debug\SW.a(isr_1.o)
 .text.isr_1_Start
                0x00000000       0x1c .\CortexM0\ARM_GCC_484\Debug\SW.a(isr_1.o)
 .text.isr_1_Stop
                0x00000000       0x14 .\CortexM0\ARM_GCC_484\Debug\SW.a(isr_1.o)
 .text.isr_1_SetPending
                0x00000000        0xc .\CortexM0\ARM_GCC_484\Debug\SW.a(isr_1.o)
 .text.isr_1_ClearPending
                0x00000000        0xc .\CortexM0\ARM_GCC_484\Debug\SW.a(isr_1.o)
 .text          0x00000000        0x0 .\CortexM0\ARM_GCC_484\Debug\SW.a(LED_PIN.o)
 .data          0x00000000        0x0 .\CortexM0\ARM_GCC_484\Debug\SW.a(LED_PIN.o)
 .bss           0x00000000        0x0 .\CortexM0\ARM_GCC_484\Debug\SW.a(LED_PIN.o)
 .text.LED_PIN_SetDriveMode
                0x00000000       0x1c .\CortexM0\ARM_GCC_484\Debug\SW.a(LED_PIN.o)
 .text.LED_PIN_ReadDataReg
                0x00000000       0x10 .\CortexM0\ARM_GCC_484\Debug\SW.a(LED_PIN.o)
 .text.LED_PIN_ClearInterrupt
                0x00000000       0x14 .\CortexM0\ARM_GCC_484\Debug\SW.a(LED_PIN.o)
 .text          0x00000000        0x0 .\CortexM0\ARM_GCC_484\Debug\SW.a(isr_2.o)
 .data          0x00000000        0x0 .\CortexM0\ARM_GCC_484\Debug\SW.a(isr_2.o)
 .bss           0x00000000        0x0 .\CortexM0\ARM_GCC_484\Debug\SW.a(isr_2.o)
 .text.isr_2_Interrupt
                0x00000000        0x4 .\CortexM0\ARM_GCC_484\Debug\SW.a(isr_2.o)
 .text.isr_2_GetVector
                0x00000000        0xc .\CortexM0\ARM_GCC_484\Debug\SW.a(isr_2.o)
 .text.isr_2_GetPriority
                0x00000000       0x10 .\CortexM0\ARM_GCC_484\Debug\SW.a(isr_2.o)
 .text.isr_2_GetState
                0x00000000       0x14 .\CortexM0\ARM_GCC_484\Debug\SW.a(isr_2.o)
 .text.isr_2_Start
                0x00000000       0x1c .\CortexM0\ARM_GCC_484\Debug\SW.a(isr_2.o)
 .text.isr_2_Stop
                0x00000000       0x14 .\CortexM0\ARM_GCC_484\Debug\SW.a(isr_2.o)
 .text.isr_2_SetPending
                0x00000000        0xc .\CortexM0\ARM_GCC_484\Debug\SW.a(isr_2.o)
 .text.isr_2_ClearPending
                0x00000000        0xc .\CortexM0\ARM_GCC_484\Debug\SW.a(isr_2.o)
 .data          0x00000000        0x0 .\CortexM0\ARM_GCC_484\Debug\SW.a(CyBootAsmGnu.o)
 .bss           0x00000000        0x0 .\CortexM0\ARM_GCC_484\Debug\SW.a(CyBootAsmGnu.o)
 .text          0x00000000        0x0 .\CortexM0\ARM_GCC_484\Debug\SW.a(CyLib.o)
 .bss           0x00000000       0x18 .\CortexM0\ARM_GCC_484\Debug\SW.a(CyLib.o)
 .text.CySysClkImoStart
                0x00000000       0x14 .\CortexM0\ARM_GCC_484\Debug\SW.a(CyLib.o)
 .text.CySysClkImoStop
                0x00000000       0x10 .\CortexM0\ARM_GCC_484\Debug\SW.a(CyLib.o)
 .text.CySysClkWriteHfclkDirect
                0x00000000       0x24 .\CortexM0\ARM_GCC_484\Debug\SW.a(CyLib.o)
 .text.CySysClkWriteSysclkDiv
                0x00000000       0x28 .\CortexM0\ARM_GCC_484\Debug\SW.a(CyLib.o)
 .text.CySysLvdDisable
                0x00000000       0x20 .\CortexM0\ARM_GCC_484\Debug\SW.a(CyLib.o)
 .text.CySysLvdGetInterruptSource
                0x00000000       0x10 .\CortexM0\ARM_GCC_484\Debug\SW.a(CyLib.o)
 .text.CySysLvdClearInterrupt
                0x00000000        0xc .\CortexM0\ARM_GCC_484\Debug\SW.a(CyLib.o)
 .text.CySysGetResetReason
                0x00000000       0x14 .\CortexM0\ARM_GCC_484\Debug\SW.a(CyLib.o)
 .text.CyDisableInts
                0x00000000       0x10 .\CortexM0\ARM_GCC_484\Debug\SW.a(CyLib.o)
 .text.CyEnableInts
                0x00000000        0xc .\CortexM0\ARM_GCC_484\Debug\SW.a(CyLib.o)
 .text.CyIntGetState
                0x00000000       0x18 .\CortexM0\ARM_GCC_484\Debug\SW.a(CyLib.o)
 .text.CyIntDisable
                0x00000000       0x14 .\CortexM0\ARM_GCC_484\Debug\SW.a(CyLib.o)
 .text.CyIntSetPending
                0x00000000       0x14 .\CortexM0\ARM_GCC_484\Debug\SW.a(CyLib.o)
 .text.CyIntClearPending
                0x00000000       0x14 .\CortexM0\ARM_GCC_484\Debug\SW.a(CyLib.o)
 .text.CyIntSetSysVector
                0x00000000       0x20 .\CortexM0\ARM_GCC_484\Debug\SW.a(CyLib.o)
 .text.CyIntGetSysVector
                0x00000000       0x1c .\CortexM0\ARM_GCC_484\Debug\SW.a(CyLib.o)
 .text.CyIntGetVector
                0x00000000       0x1c .\CortexM0\ARM_GCC_484\Debug\SW.a(CyLib.o)
 .text.CyIntSetPriority
                0x00000000       0x48 .\CortexM0\ARM_GCC_484\Debug\SW.a(CyLib.o)
 .text.CyIntGetPriority
                0x00000000       0x2c .\CortexM0\ARM_GCC_484\Debug\SW.a(CyLib.o)
 .text.CySoftwareReset
                0x00000000       0x18 .\CortexM0\ARM_GCC_484\Debug\SW.a(CyLib.o)
 .text.CyDelay  0x00000000       0x30 .\CortexM0\ARM_GCC_484\Debug\SW.a(CyLib.o)
 .text.CySysLvdEnable
                0x00000000       0x40 .\CortexM0\ARM_GCC_484\Debug\SW.a(CyLib.o)
 .text.CyDelayFreq
                0x00000000       0x4c .\CortexM0\ARM_GCC_484\Debug\SW.a(CyLib.o)
 .text.CySysTickStop
                0x00000000       0x10 .\CortexM0\ARM_GCC_484\Debug\SW.a(CyLib.o)
 .text.CySysTickEnableInterrupt
                0x00000000       0x10 .\CortexM0\ARM_GCC_484\Debug\SW.a(CyLib.o)
 .text.CySysTickEnable
                0x00000000       0x18 .\CortexM0\ARM_GCC_484\Debug\SW.a(CyLib.o)
 .text.CySysTickDisableInterrupt
                0x00000000       0x10 .\CortexM0\ARM_GCC_484\Debug\SW.a(CyLib.o)
 .text.CySysTickSetReload
                0x00000000       0x10 .\CortexM0\ARM_GCC_484\Debug\SW.a(CyLib.o)
 .text.CySysTickGetReload
                0x00000000       0x10 .\CortexM0\ARM_GCC_484\Debug\SW.a(CyLib.o)
 .text.CySysTickGetValue
                0x00000000       0x10 .\CortexM0\ARM_GCC_484\Debug\SW.a(CyLib.o)
 .text.CySysTickGetCountFlag
                0x00000000       0x10 .\CortexM0\ARM_GCC_484\Debug\SW.a(CyLib.o)
 .text.CySysTickServiceCallbacks
                0x00000000       0x28 .\CortexM0\ARM_GCC_484\Debug\SW.a(CyLib.o)
 .text.CySysTickClear
                0x00000000        0xc .\CortexM0\ARM_GCC_484\Debug\SW.a(CyLib.o)
 .text.CySysTickInit
                0x00000000       0x44 .\CortexM0\ARM_GCC_484\Debug\SW.a(CyLib.o)
 .text.CySysTickStart
                0x00000000       0x20 .\CortexM0\ARM_GCC_484\Debug\SW.a(CyLib.o)
 .text.CySysTickSetCallback
                0x00000000       0x10 .\CortexM0\ARM_GCC_484\Debug\SW.a(CyLib.o)
 .text.CySysTickGetCallback
                0x00000000        0xc .\CortexM0\ARM_GCC_484\Debug\SW.a(CyLib.o)
 .text.CyGetUniqueId
                0x00000000       0x70 .\CortexM0\ARM_GCC_484\Debug\SW.a(CyLib.o)
 .text          0x00000000        0x0 .\CortexM0\ARM_GCC_484\Debug\SW.a(CyLFClk.o)
 .text.CySysClkIloEnabled
                0x00000000       0x14 .\CortexM0\ARM_GCC_484\Debug\SW.a(CyLFClk.o)
 .text.CySysClkIloStart
                0x00000000       0x14 .\CortexM0\ARM_GCC_484\Debug\SW.a(CyLFClk.o)
 .text.CySysWdtGetEnabledStatus
                0x00000000       0x24 .\CortexM0\ARM_GCC_484\Debug\SW.a(CyLFClk.o)
 .text.CySysWdtSetMode
                0x00000000       0x38 .\CortexM0\ARM_GCC_484\Debug\SW.a(CyLFClk.o)
 .text.CySysClkLfclkPosedgeRestore
                0x00000000       0x2c .\CortexM0\ARM_GCC_484\Debug\SW.a(CyLFClk.o)
 .text.CySysWdtGetMode
                0x00000000       0x14 .\CortexM0\ARM_GCC_484\Debug\SW.a(CyLFClk.o)
 .text.CySysWdtSetClearOnMatch
                0x00000000       0x38 .\CortexM0\ARM_GCC_484\Debug\SW.a(CyLFClk.o)
 .text.CySysWdtGetClearOnMatch
                0x00000000       0x24 .\CortexM0\ARM_GCC_484\Debug\SW.a(CyLFClk.o)
 .text.CySysWdtEnable
                0x00000000       0x40 .\CortexM0\ARM_GCC_484\Debug\SW.a(CyLFClk.o)
 .text.CySysWdtDisable
                0x00000000       0x44 .\CortexM0\ARM_GCC_484\Debug\SW.a(CyLFClk.o)
 .text.CySysWdtSetCascade
                0x00000000       0x34 .\CortexM0\ARM_GCC_484\Debug\SW.a(CyLFClk.o)
 .text.CySysWdtGetCascade
                0x00000000       0x14 .\CortexM0\ARM_GCC_484\Debug\SW.a(CyLFClk.o)
 .text.CySysWdtSetMatch
                0x00000000       0x3c .\CortexM0\ARM_GCC_484\Debug\SW.a(CyLFClk.o)
 .text.CySysWdtSetToggleBit
                0x00000000       0x2c .\CortexM0\ARM_GCC_484\Debug\SW.a(CyLFClk.o)
 .text.CySysWdtGetToggleBit
                0x00000000       0x10 .\CortexM0\ARM_GCC_484\Debug\SW.a(CyLFClk.o)
 .text.CySysWdtGetMatch
                0x00000000       0x20 .\CortexM0\ARM_GCC_484\Debug\SW.a(CyLFClk.o)
 .text.CySysWdtGetCount
                0x00000000       0x3c .\CortexM0\ARM_GCC_484\Debug\SW.a(CyLFClk.o)
 .text.CySysClkLfclkPosedgeCatch
                0x00000000       0x74 .\CortexM0\ARM_GCC_484\Debug\SW.a(CyLFClk.o)
 .text.CySysClkIloStop
                0x00000000       0x38 .\CortexM0\ARM_GCC_484\Debug\SW.a(CyLFClk.o)
 .text.CySysWdtGetInterruptSource
                0x00000000       0x14 .\CortexM0\ARM_GCC_484\Debug\SW.a(CyLFClk.o)
 .text.CySysWdtResetCounters
                0x00000000       0x20 .\CortexM0\ARM_GCC_484\Debug\SW.a(CyLFClk.o)
 .text.CySysWdtSetInterruptCallback
                0x00000000       0x20 .\CortexM0\ARM_GCC_484\Debug\SW.a(CyLFClk.o)
 .text.CySysWdtGetInterruptCallback
                0x00000000       0x20 .\CortexM0\ARM_GCC_484\Debug\SW.a(CyLFClk.o)
 .text.CySysWdtEnableCounterIsr
                0x00000000       0x34 .\CortexM0\ARM_GCC_484\Debug\SW.a(CyLFClk.o)
 .text.CySysWdtDisableCounterIsr
                0x00000000       0x28 .\CortexM0\ARM_GCC_484\Debug\SW.a(CyLFClk.o)
 .text.CySysTimerDelayUntilMatch
                0x00000000       0x6c .\CortexM0\ARM_GCC_484\Debug\SW.a(CyLFClk.o)
 .text.CySysTimerDelay
                0x00000000       0x3c .\CortexM0\ARM_GCC_484\Debug\SW.a(CyLFClk.o)
 .text.CySysWatchdogFeed
                0x00000000       0x60 .\CortexM0\ARM_GCC_484\Debug\SW.a(CyLFClk.o)
 .rodata        0x00000000        0xc .\CortexM0\ARM_GCC_484\Debug\SW.a(CyLFClk.o)
 .text          0x00000000        0x0 .\CortexM0\ARM_GCC_484\Debug\SW.a(UART_1.o)
 .data          0x00000000        0x0 .\CortexM0\ARM_GCC_484\Debug\SW.a(UART_1.o)
 .text.UART_1_ScbModeStop
                0x00000000        0x8 .\CortexM0\ARM_GCC_484\Debug\SW.a(UART_1.o)
 .text.UART_1_Stop
                0x00000000       0x20 .\CortexM0\ARM_GCC_484\Debug\SW.a(UART_1.o)
 .text.UART_1_SetRxFifoLevel
                0x00000000       0x14 .\CortexM0\ARM_GCC_484\Debug\SW.a(UART_1.o)
 .text.UART_1_SetTxFifoLevel
                0x00000000       0x14 .\CortexM0\ARM_GCC_484\Debug\SW.a(UART_1.o)
 .text.UART_1_I2CSlaveNackGeneration
                0x00000000       0x3c .\CortexM0\ARM_GCC_484\Debug\SW.a(UART_1.o)
 .text          0x00000000        0x0 .\CortexM0\ARM_GCC_484\Debug\SW.a(UART_1_UART.o)
 .data          0x00000000        0x0 .\CortexM0\ARM_GCC_484\Debug\SW.a(UART_1_UART.o)
 .bss           0x00000000        0x0 .\CortexM0\ARM_GCC_484\Debug\SW.a(UART_1_UART.o)
 .text.UART_1_UartStop
                0x00000000       0x14 .\CortexM0\ARM_GCC_484\Debug\SW.a(UART_1_UART.o)
 .text.UART_1_UartSetRxAddress
                0x00000000       0x14 .\CortexM0\ARM_GCC_484\Debug\SW.a(UART_1_UART.o)
 .text.UART_1_UartSetRxAddressMask
                0x00000000       0x18 .\CortexM0\ARM_GCC_484\Debug\SW.a(UART_1_UART.o)
 .text.UART_1_UartGetChar
                0x00000000       0x2c .\CortexM0\ARM_GCC_484\Debug\SW.a(UART_1_UART.o)
 .text.UART_1_UartGetByte
                0x00000000       0x30 .\CortexM0\ARM_GCC_484\Debug\SW.a(UART_1_UART.o)
 .text.UART_1_UartPutCRLF
                0x00000000       0x14 .\CortexM0\ARM_GCC_484\Debug\SW.a(UART_1_UART.o)
 .text          0x00000000        0x0 .\CortexM0\ARM_GCC_484\Debug\SW.a(UART_1_SPI_UART.o)
 .data          0x00000000        0x0 .\CortexM0\ARM_GCC_484\Debug\SW.a(UART_1_SPI_UART.o)
 .bss           0x00000000        0x0 .\CortexM0\ARM_GCC_484\Debug\SW.a(UART_1_SPI_UART.o)
 .text.UART_1_SpiUartReadRxData
                0x00000000        0xc .\CortexM0\ARM_GCC_484\Debug\SW.a(UART_1_SPI_UART.o)
 .text.UART_1_SpiUartGetRxBufferSize
                0x00000000       0x10 .\CortexM0\ARM_GCC_484\Debug\SW.a(UART_1_SPI_UART.o)
 .text.UART_1_SpiUartClearRxBuffer
                0x00000000       0x20 .\CortexM0\ARM_GCC_484\Debug\SW.a(UART_1_SPI_UART.o)
 .text.UART_1_SpiUartPutArray
                0x00000000       0x18 .\CortexM0\ARM_GCC_484\Debug\SW.a(UART_1_SPI_UART.o)
 .text.UART_1_SpiUartGetTxBufferSize
                0x00000000       0x10 .\CortexM0\ARM_GCC_484\Debug\SW.a(UART_1_SPI_UART.o)
 .text.UART_1_SpiUartClearTxBuffer
                0x00000000       0x20 .\CortexM0\ARM_GCC_484\Debug\SW.a(UART_1_SPI_UART.o)
 .text.UART_1_SpiUartDisableIntRx
                0x00000000       0x10 .\CortexM0\ARM_GCC_484\Debug\SW.a(UART_1_SPI_UART.o)
 .text.UART_1_SpiUartDisableIntTx
                0x00000000       0x10 .\CortexM0\ARM_GCC_484\Debug\SW.a(UART_1_SPI_UART.o)
 .text          0x00000000       0x9c c:/program files (x86)/cypress/psoc creator/3.2/psoc creator/import/gnu/arm/4.8.4/bin/../lib/gcc/arm-none-eabi/4.8.4/armv6-m\libgcc.a(_udivsi3.o)
 .data          0x00000000        0x0 c:/program files (x86)/cypress/psoc creator/3.2/psoc creator/import/gnu/arm/4.8.4/bin/../lib/gcc/arm-none-eabi/4.8.4/armv6-m\libgcc.a(_udivsi3.o)
 .bss           0x00000000        0x0 c:/program files (x86)/cypress/psoc creator/3.2/psoc creator/import/gnu/arm/4.8.4/bin/../lib/gcc/arm-none-eabi/4.8.4/armv6-m\libgcc.a(_udivsi3.o)
 .text          0x00000000        0x4 c:/program files (x86)/cypress/psoc creator/3.2/psoc creator/import/gnu/arm/4.8.4/bin/../lib/gcc/arm-none-eabi/4.8.4/armv6-m\libgcc.a(_dvmd_tls.o)
 .data          0x00000000        0x0 c:/program files (x86)/cypress/psoc creator/3.2/psoc creator/import/gnu/arm/4.8.4/bin/../lib/gcc/arm-none-eabi/4.8.4/armv6-m\libgcc.a(_dvmd_tls.o)
 .bss           0x00000000        0x0 c:/program files (x86)/cypress/psoc creator/3.2/psoc creator/import/gnu/arm/4.8.4/bin/../lib/gcc/arm-none-eabi/4.8.4/armv6-m\libgcc.a(_dvmd_tls.o)
 .text          0x00000000        0x0 c:/program files (x86)/cypress/psoc creator/3.2/psoc creator/import/gnu/arm/4.8.4/bin/../lib/gcc/arm-none-eabi/4.8.4/../../../../arm-none-eabi/lib/armv6-m\libg_s.a(lib_a-errno.o)
 .data          0x00000000        0x0 c:/program files (x86)/cypress/psoc creator/3.2/psoc creator/import/gnu/arm/4.8.4/bin/../lib/gcc/arm-none-eabi/4.8.4/../../../../arm-none-eabi/lib/armv6-m\libg_s.a(lib_a-errno.o)
 .bss           0x00000000        0x0 c:/program files (x86)/cypress/psoc creator/3.2/psoc creator/import/gnu/arm/4.8.4/bin/../lib/gcc/arm-none-eabi/4.8.4/../../../../arm-none-eabi/lib/armv6-m\libg_s.a(lib_a-errno.o)
 .text.__errno  0x00000000        0xc c:/program files (x86)/cypress/psoc creator/3.2/psoc creator/import/gnu/arm/4.8.4/bin/../lib/gcc/arm-none-eabi/4.8.4/../../../../arm-none-eabi/lib/armv6-m\libg_s.a(lib_a-errno.o)
 .text          0x00000000        0x0 c:/program files (x86)/cypress/psoc creator/3.2/psoc creator/import/gnu/arm/4.8.4/bin/../lib/gcc/arm-none-eabi/4.8.4/../../../../arm-none-eabi/lib/armv6-m\libg_s.a(lib_a-exit.o)
 .data          0x00000000        0x0 c:/program files (x86)/cypress/psoc creator/3.2/psoc creator/import/gnu/arm/4.8.4/bin/../lib/gcc/arm-none-eabi/4.8.4/../../../../arm-none-eabi/lib/armv6-m\libg_s.a(lib_a-exit.o)
 .bss           0x00000000        0x0 c:/program files (x86)/cypress/psoc creator/3.2/psoc creator/import/gnu/arm/4.8.4/bin/../lib/gcc/arm-none-eabi/4.8.4/../../../../arm-none-eabi/lib/armv6-m\libg_s.a(lib_a-exit.o)
 .text.exit     0x00000000       0x2c c:/program files (x86)/cypress/psoc creator/3.2/psoc creator/import/gnu/arm/4.8.4/bin/../lib/gcc/arm-none-eabi/4.8.4/../../../../arm-none-eabi/lib/armv6-m\libg_s.a(lib_a-exit.o)
 .text          0x00000000        0x0 c:/program files (x86)/cypress/psoc creator/3.2/psoc creator/import/gnu/arm/4.8.4/bin/../lib/gcc/arm-none-eabi/4.8.4/../../../../arm-none-eabi/lib/armv6-m\libg_s.a(lib_a-impure.o)
 .data          0x00000000        0x0 c:/program files (x86)/cypress/psoc creator/3.2/psoc creator/import/gnu/arm/4.8.4/bin/../lib/gcc/arm-none-eabi/4.8.4/../../../../arm-none-eabi/lib/armv6-m\libg_s.a(lib_a-impure.o)
 .bss           0x00000000        0x0 c:/program files (x86)/cypress/psoc creator/3.2/psoc creator/import/gnu/arm/4.8.4/bin/../lib/gcc/arm-none-eabi/4.8.4/../../../../arm-none-eabi/lib/armv6-m\libg_s.a(lib_a-impure.o)
 .data.impure_data
                0x00000000       0x60 c:/program files (x86)/cypress/psoc creator/3.2/psoc creator/import/gnu/arm/4.8.4/bin/../lib/gcc/arm-none-eabi/4.8.4/../../../../arm-none-eabi/lib/armv6-m\libg_s.a(lib_a-impure.o)
 .data._impure_ptr
                0x00000000        0x4 c:/program files (x86)/cypress/psoc creator/3.2/psoc creator/import/gnu/arm/4.8.4/bin/../lib/gcc/arm-none-eabi/4.8.4/../../../../arm-none-eabi/lib/armv6-m\libg_s.a(lib_a-impure.o)
 .rodata.str1.1
                0x00000000        0x2 c:/program files (x86)/cypress/psoc creator/3.2/psoc creator/import/gnu/arm/4.8.4/bin/../lib/gcc/arm-none-eabi/4.8.4/../../../../arm-none-eabi/lib/armv6-m\libg_s.a(lib_a-impure.o)
 .rodata._global_impure_ptr
                0x00000000        0x4 c:/program files (x86)/cypress/psoc creator/3.2/psoc creator/import/gnu/arm/4.8.4/bin/../lib/gcc/arm-none-eabi/4.8.4/../../../../arm-none-eabi/lib/armv6-m\libg_s.a(lib_a-impure.o)
 .text          0x00000000        0x0 c:/program files (x86)/cypress/psoc creator/3.2/psoc creator/import/gnu/arm/4.8.4/bin/../lib/gcc/arm-none-eabi/4.8.4/../../../../arm-none-eabi/lib/armv6-m\libg_s.a(lib_a-init.o)
 .data          0x00000000        0x0 c:/program files (x86)/cypress/psoc creator/3.2/psoc creator/import/gnu/arm/4.8.4/bin/../lib/gcc/arm-none-eabi/4.8.4/../../../../arm-none-eabi/lib/armv6-m\libg_s.a(lib_a-init.o)
 .bss           0x00000000        0x0 c:/program files (x86)/cypress/psoc creator/3.2/psoc creator/import/gnu/arm/4.8.4/bin/../lib/gcc/arm-none-eabi/4.8.4/../../../../arm-none-eabi/lib/armv6-m\libg_s.a(lib_a-init.o)
 .text          0x00000000        0x0 c:/program files (x86)/cypress/psoc creator/3.2/psoc creator/import/gnu/arm/4.8.4/bin/../lib/gcc/arm-none-eabi/4.8.4/../../../../arm-none-eabi/lib/armv6-m\libg_s.a(lib_a-memset.o)
 .data          0x00000000        0x0 c:/program files (x86)/cypress/psoc creator/3.2/psoc creator/import/gnu/arm/4.8.4/bin/../lib/gcc/arm-none-eabi/4.8.4/../../../../arm-none-eabi/lib/armv6-m\libg_s.a(lib_a-memset.o)
 .bss           0x00000000        0x0 c:/program files (x86)/cypress/psoc creator/3.2/psoc creator/import/gnu/arm/4.8.4/bin/../lib/gcc/arm-none-eabi/4.8.4/../../../../arm-none-eabi/lib/armv6-m\libg_s.a(lib_a-memset.o)
 .text          0x00000000        0x0 c:/program files (x86)/cypress/psoc creator/3.2/psoc creator/import/gnu/arm/4.8.4/bin/../lib/gcc/arm-none-eabi/4.8.4/armv6-m/crtend.o
 .data          0x00000000        0x0 c:/program files (x86)/cypress/psoc creator/3.2/psoc creator/import/gnu/arm/4.8.4/bin/../lib/gcc/arm-none-eabi/4.8.4/armv6-m/crtend.o
 .bss           0x00000000        0x0 c:/program files (x86)/cypress/psoc creator/3.2/psoc creator/import/gnu/arm/4.8.4/bin/../lib/gcc/arm-none-eabi/4.8.4/armv6-m/crtend.o
 .text          0x00000000        0x0 c:/program files (x86)/cypress/psoc creator/3.2/psoc creator/import/gnu/arm/4.8.4/bin/../lib/gcc/arm-none-eabi/4.8.4/armv6-m/crtn.o
 .data          0x00000000        0x0 c:/program files (x86)/cypress/psoc creator/3.2/psoc creator/import/gnu/arm/4.8.4/bin/../lib/gcc/arm-none-eabi/4.8.4/armv6-m/crtn.o
 .bss           0x00000000        0x0 c:/program files (x86)/cypress/psoc creator/3.2/psoc creator/import/gnu/arm/4.8.4/bin/../lib/gcc/arm-none-eabi/4.8.4/armv6-m/crtn.o

Memory Configuration

Name             Origin             Length             Attributes
rom              0x00000000         0x00008000         xr
ram              0x20000000         0x00001000         xrw
*default*        0x00000000         0xffffffff

Linker script and memory map

LOAD c:/program files (x86)/cypress/psoc creator/3.2/psoc creator/import/gnu/arm/4.8.4/bin/../lib/gcc/arm-none-eabi/4.8.4/armv6-m/crti.o
LOAD c:/program files (x86)/cypress/psoc creator/3.2/psoc creator/import/gnu/arm/4.8.4/bin/../lib/gcc/arm-none-eabi/4.8.4/armv6-m/crtbegin.o
LOAD c:/program files (x86)/cypress/psoc creator/3.2/psoc creator/import/gnu/arm/4.8.4/bin/../lib/gcc/arm-none-eabi/4.8.4/../../../../arm-none-eabi/lib/armv6-m/crt0.o
START GROUP
LOAD .\CortexM0\ARM_GCC_484\Debug\main.o
LOAD .\CortexM0\ARM_GCC_484\Debug\cymetadata.o
LOAD .\CortexM0\ARM_GCC_484\Debug\Cm0Start.o
LOAD .\CortexM0\ARM_GCC_484\Debug\SW.a
LOAD C:\Program Files (x86)\Cypress\PSoC Creator\3.2\PSoC Creator\psoc\content\cycomponentlibrary\CyComponentLibrary.cylib\CortexM0\ARM_GCC_484\Debug\CyComponentLibrary.a
END GROUP
START GROUP
LOAD c:/program files (x86)/cypress/psoc creator/3.2/psoc creator/import/gnu/arm/4.8.4/bin/../lib/gcc/arm-none-eabi/4.8.4/armv6-m\libgcc.a
LOAD c:/program files (x86)/cypress/psoc creator/3.2/psoc creator/import/gnu/arm/4.8.4/bin/../lib/gcc/arm-none-eabi/4.8.4/../../../../arm-none-eabi/lib/armv6-m\libg_s.a
LOAD c:/program files (x86)/cypress/psoc creator/3.2/psoc creator/import/gnu/arm/4.8.4/bin/../lib/gcc/arm-none-eabi/4.8.4/../../../../arm-none-eabi/lib/armv6-m\libc_s.a
END GROUP
START GROUP
LOAD c:/program files (x86)/cypress/psoc creator/3.2/psoc creator/import/gnu/arm/4.8.4/bin/../lib/gcc/arm-none-eabi/4.8.4/armv6-m\libgcc.a
LOAD c:/program files (x86)/cypress/psoc creator/3.2/psoc creator/import/gnu/arm/4.8.4/bin/../lib/gcc/arm-none-eabi/4.8.4/../../../../arm-none-eabi/lib/armv6-m\libc_s.a
END GROUP
LOAD c:/program files (x86)/cypress/psoc creator/3.2/psoc creator/import/gnu/arm/4.8.4/bin/../lib/gcc/arm-none-eabi/4.8.4/armv6-m/crtend.o
LOAD c:/program files (x86)/cypress/psoc creator/3.2/psoc creator/import/gnu/arm/4.8.4/bin/../lib/gcc/arm-none-eabi/4.8.4/armv6-m/crtn.o
START GROUP
LOAD c:/program files (x86)/cypress/psoc creator/3.2/psoc creator/import/gnu/arm/4.8.4/bin/../lib/gcc/arm-none-eabi/4.8.4/armv6-m\libgcc.a
LOAD c:/program files (x86)/cypress/psoc creator/3.2/psoc creator/import/gnu/arm/4.8.4/bin/../lib/gcc/arm-none-eabi/4.8.4/../../../../arm-none-eabi/lib/armv6-m\libc.a
LOAD c:/program files (x86)/cypress/psoc creator/3.2/psoc creator/import/gnu/arm/4.8.4/bin/../lib/gcc/arm-none-eabi/4.8.4/../../../../arm-none-eabi/lib/armv6-m\libnosys.a
END GROUP
                0x00000000                CY_APPL_ORIGIN = 0x0
                0x00000080                CY_FLASH_ROW_SIZE = 0x80
                0x00000001                CY_APPL_NUM = 0x1
                0x00000040                CY_METADATA_SIZE = 0x40
                0x20000120                PROVIDE (__cy_heap_start, _end)
                0x00000001                PROVIDE (__cy_region_num, ((__cy_regions_end - __cy_regions) / 0x10))
                0x20001000                PROVIDE (__cy_stack, (ORIGIN (ram) + 0x1000))
                0x20000c00                PROVIDE (__cy_heap_end, (__cy_stack - 0x400))

.cybootloader   0x00000000        0x0
 *(.cybootloader)
                0x00000000                appl1_start = CY_APPL_ORIGIN?CY_APPL_ORIGIN:ALIGN (CY_FLASH_ROW_SIZE)
                0x00003f80                appl2_start = (appl1_start + ALIGN ((((0x8000 - appl1_start) - (0x2 * CY_FLASH_ROW_SIZE)) / 0x2), CY_FLASH_ROW_SIZE))
                0x00000000                appl_start = (CY_APPL_NUM == 0x1)?appl1_start:appl2_start

.text           0x00000000      0x9f0
 CREATE_OBJECT_SYMBOLS
                0x00000000                PROVIDE (__cy_interrupt_vector, RomVectors)
 *(.romvectors)
 .romvectors    0x00000000       0x10 .\CortexM0\ARM_GCC_484\Debug\Cm0Start.o
                0x00000000                RomVectors
                0x00000001                ASSERT ((. != __cy_interrupt_vector), No interrupt vector)
                0x00000001                ASSERT (CY_APPL_ORIGIN?(SIZEOF (.cybootloader) <= CY_APPL_ORIGIN):0x1, Wrong image location)
                0x00000010                PROVIDE (__cy_reset, Reset)
 *(.text.Reset)
 .text.Reset    0x00000010        0x8 .\CortexM0\ARM_GCC_484\Debug\Cm0Start.o
                0x00000010                Reset
                0x00000001                ASSERT ((. != __cy_reset), No reset code)
 *(.psocinit)
 .psocinit      0x00000018      0x1b0 .\CortexM0\ARM_GCC_484\Debug\SW.a(cyfitter_cfg.o)
                0x000000a4                cyfitter_cfg
                0x000001c8                . = MAX (., 0x100)
 *(.text .text.* .gnu.linkonce.t.*)
 .text          0x000001c8       0x60 c:/program files (x86)/cypress/psoc creator/3.2/psoc creator/import/gnu/arm/4.8.4/bin/../lib/gcc/arm-none-eabi/4.8.4/armv6-m/crtbegin.o
 .text.TimerISR
                0x00000228       0x24 .\CortexM0\ARM_GCC_484\Debug\main.o
                0x00000228                TimerISR
 .text.SW_Int   0x0000024c       0x24 .\CortexM0\ARM_GCC_484\Debug\main.o
                0x0000024c                SW_Int
 .text.main     0x00000270       0x20 .\CortexM0\ARM_GCC_484\Debug\main.o
                0x00000270                main
 .text.IntDefaultHandler
                0x00000290        0x4 .\CortexM0\ARM_GCC_484\Debug\Cm0Start.o
                0x00000290                IntDefaultHandler
 .text.Start_c  0x00000294       0x48 .\CortexM0\ARM_GCC_484\Debug\Cm0Start.o
                0x00000294                Start_c
 .text.initialize_psoc
                0x000002dc       0x4c .\CortexM0\ARM_GCC_484\Debug\Cm0Start.o
                0x000002dc                initialize_psoc
 .text.cfg_write_bytes32
                0x00000328       0x38 .\CortexM0\ARM_GCC_484\Debug\SW.a(cyfitter_cfg.o)
 .text.CYMEMZERO
                0x00000360        0xc .\CortexM0\ARM_GCC_484\Debug\SW.a(cyfitter_cfg.o)
 .text.Timer_1_Enable
                0x0000036c       0x10 .\CortexM0\ARM_GCC_484\Debug\SW.a(Timer_1.o)
                0x0000036c                Timer_1_Enable
 .text.Timer_1_Stop
                0x0000037c       0x10 .\CortexM0\ARM_GCC_484\Debug\SW.a(Timer_1.o)
                0x0000037c                Timer_1_Stop
 .text.Timer_1_SetInterruptMode
                0x0000038c        0xc .\CortexM0\ARM_GCC_484\Debug\SW.a(Timer_1.o)
                0x0000038c                Timer_1_SetInterruptMode
 .text.Timer_1_ReadStatusRegister
                0x00000398        0xc .\CortexM0\ARM_GCC_484\Debug\SW.a(Timer_1.o)
                0x00000398                Timer_1_ReadStatusRegister
 .text.Timer_1_WritePeriod
                0x000003a4        0xc .\CortexM0\ARM_GCC_484\Debug\SW.a(Timer_1.o)
                0x000003a4                Timer_1_WritePeriod
 .text.Timer_1_ReadCapture
                0x000003b0        0xc .\CortexM0\ARM_GCC_484\Debug\SW.a(Timer_1.o)
                0x000003b0                Timer_1_ReadCapture
 .text.Timer_1_WriteCounter
                0x000003bc        0xc .\CortexM0\ARM_GCC_484\Debug\SW.a(Timer_1.o)
                0x000003bc                Timer_1_WriteCounter
 .text.Timer_1_ClearFIFO
                0x000003c8       0x14 .\CortexM0\ARM_GCC_484\Debug\SW.a(Timer_1.o)
                0x000003c8                Timer_1_ClearFIFO
 .text.Timer_1_Init
                0x000003dc       0x38 .\CortexM0\ARM_GCC_484\Debug\SW.a(Timer_1.o)
                0x000003dc                Timer_1_Init
 .text.Timer_1_Start
                0x00000414       0x20 .\CortexM0\ARM_GCC_484\Debug\SW.a(Timer_1.o)
                0x00000414                Timer_1_Start
 .text.SW_ClearInterrupt
                0x00000434       0x14 .\CortexM0\ARM_GCC_484\Debug\SW.a(SW.o)
                0x00000434                SW_ClearInterrupt
 .text.isr_1_SetVector
                0x00000448        0xc .\CortexM0\ARM_GCC_484\Debug\SW.a(isr_1.o)
                0x00000448                isr_1_SetVector
 .text.isr_1_SetPriority
                0x00000454       0x24 .\CortexM0\ARM_GCC_484\Debug\SW.a(isr_1.o)
                0x00000454                isr_1_SetPriority
 .text.isr_1_Enable
                0x00000478        0xc .\CortexM0\ARM_GCC_484\Debug\SW.a(isr_1.o)
                0x00000478                isr_1_Enable
 .text.isr_1_Disable
                0x00000484        0xc .\CortexM0\ARM_GCC_484\Debug\SW.a(isr_1.o)
                0x00000484                isr_1_Disable
 .text.isr_1_StartEx
                0x00000490       0x1c .\CortexM0\ARM_GCC_484\Debug\SW.a(isr_1.o)
                0x00000490                isr_1_StartEx
 .text.LED_PIN_Write
                0x000004ac       0x18 .\CortexM0\ARM_GCC_484\Debug\SW.a(LED_PIN.o)
                0x000004ac                LED_PIN_Write
 .text.LED_PIN_Read
                0x000004c4       0x10 .\CortexM0\ARM_GCC_484\Debug\SW.a(LED_PIN.o)
                0x000004c4                LED_PIN_Read
 .text.isr_2_SetVector
                0x000004d4        0xc .\CortexM0\ARM_GCC_484\Debug\SW.a(isr_2.o)
                0x000004d4                isr_2_SetVector
 .text.isr_2_SetPriority
                0x000004e0       0x28 .\CortexM0\ARM_GCC_484\Debug\SW.a(isr_2.o)
                0x000004e0                isr_2_SetPriority
 .text.isr_2_Enable
                0x00000508        0xc .\CortexM0\ARM_GCC_484\Debug\SW.a(isr_2.o)
                0x00000508                isr_2_Enable
 .text.isr_2_Disable
                0x00000514        0xc .\CortexM0\ARM_GCC_484\Debug\SW.a(isr_2.o)
                0x00000514                isr_2_Disable
 .text.isr_2_StartEx
                0x00000520       0x1c .\CortexM0\ARM_GCC_484\Debug\SW.a(isr_2.o)
                0x00000520                isr_2_StartEx
 *fill*         0x0000053c        0x4 
 .text          0x00000540       0x28 .\CortexM0\ARM_GCC_484\Debug\SW.a(CyBootAsmGnu.o)
                0x00000540                CyDelayCycles
                0x00000554                CyEnterCriticalSection
                0x0000055c                CyExitCriticalSection
 .text.CyIntEnable
                0x00000568       0x14 .\CortexM0\ARM_GCC_484\Debug\SW.a(CyLib.o)
                0x00000568                CyIntEnable
 .text.CyHalt   0x0000057c        0x4 .\CortexM0\ARM_GCC_484\Debug\SW.a(CyLib.o)
                0x0000057c                CyHalt
 .text.CyIntSetVector
                0x00000580       0x20 .\CortexM0\ARM_GCC_484\Debug\SW.a(CyLib.o)
                0x00000580                CyIntSetVector
 .text.CyDelayUs
                0x000005a0       0x14 .\CortexM0\ARM_GCC_484\Debug\SW.a(CyLib.o)
                0x000005a0                CyDelayUs
 .text.CySysClkWriteImoFreq
                0x000005b4      0x164 .\CortexM0\ARM_GCC_484\Debug\SW.a(CyLib.o)
                0x000005b4                CySysClkWriteImoFreq
 .text.CySysWdtLocked
                0x00000718       0x18 .\CortexM0\ARM_GCC_484\Debug\SW.a(CyLFClk.o)
 .text.CySysWdtLock
                0x00000730       0x1c .\CortexM0\ARM_GCC_484\Debug\SW.a(CyLFClk.o)
                0x00000730                CySysWdtLock
 .text.CySysWdtUnlock
                0x0000074c       0x30 .\CortexM0\ARM_GCC_484\Debug\SW.a(CyLFClk.o)
                0x0000074c                CySysWdtUnlock
 .text.CySysWdtClearInterrupt
                0x0000077c       0x4c .\CortexM0\ARM_GCC_484\Debug\SW.a(CyLFClk.o)
                0x0000077c                CySysWdtClearInterrupt
 .text.CySysWdtIsr
                0x000007c8       0xa4 .\CortexM0\ARM_GCC_484\Debug\SW.a(CyLFClk.o)
                0x000007c8                CySysWdtIsr
 .text.UART_1_ScbModePostEnable
                0x0000086c        0x8 .\CortexM0\ARM_GCC_484\Debug\SW.a(UART_1.o)
 .text.UART_1_Init
                0x00000874        0x8 .\CortexM0\ARM_GCC_484\Debug\SW.a(UART_1.o)
                0x00000874                UART_1_Init
 .text.UART_1_Enable
                0x0000087c       0x18 .\CortexM0\ARM_GCC_484\Debug\SW.a(UART_1.o)
                0x0000087c                UART_1_Enable
 .text.UART_1_Start
                0x00000894       0x20 .\CortexM0\ARM_GCC_484\Debug\SW.a(UART_1.o)
                0x00000894                UART_1_Start
 .text.UART_1_UartInit
                0x000008b4       0x90 .\CortexM0\ARM_GCC_484\Debug\SW.a(UART_1_UART.o)
                0x000008b4                UART_1_UartInit
 .text.UART_1_UartPostEnable
                0x00000944       0x1c .\CortexM0\ARM_GCC_484\Debug\SW.a(UART_1_UART.o)
                0x00000944                UART_1_UartPostEnable
 .text.UART_1_UartPutString
                0x00000960       0x18 .\CortexM0\ARM_GCC_484\Debug\SW.a(UART_1_UART.o)
                0x00000960                UART_1_UartPutString
 .text.UART_1_SpiUartWriteTxData
                0x00000978       0x1c .\CortexM0\ARM_GCC_484\Debug\SW.a(UART_1_SPI_UART.o)
                0x00000978                UART_1_SpiUartWriteTxData
 .text.__libc_init_array
                0x00000994       0x4c c:/program files (x86)/cypress/psoc creator/3.2/psoc creator/import/gnu/arm/4.8.4/bin/../lib/gcc/arm-none-eabi/4.8.4/../../../../arm-none-eabi/lib/armv6-m\libg_s.a(lib_a-init.o)
                0x00000994                __libc_init_array
 .text.memset   0x000009e0       0x10 c:/program files (x86)/cypress/psoc creator/3.2/psoc creator/import/gnu/arm/4.8.4/bin/../lib/gcc/arm-none-eabi/4.8.4/../../../../arm-none-eabi/lib/armv6-m\libg_s.a(lib_a-memset.o)
                0x000009e0                memset
 *(.plt)
 *(.gnu.warning)
 *(.glue_7t)
 .glue_7t       0x00000000        0x0 linker stubs
 *(.glue_7)
 .glue_7        0x00000000        0x0 linker stubs
 *(.vfp11_veneer)
 .vfp11_veneer  0x00000000        0x0 linker stubs
 *(.bootloader)
 *(.ARM.extab* .gnu.linkonce.armextab.*)
 *(.gcc_except_table)

.v4_bx          0x000009f0        0x0
 .v4_bx         0x00000000        0x0 linker stubs

.iplt           0x000009f0        0x0
 .iplt          0x00000000        0x0 c:/program files (x86)/cypress/psoc creator/3.2/psoc creator/import/gnu/arm/4.8.4/bin/../lib/gcc/arm-none-eabi/4.8.4/armv6-m/crtbegin.o

.eh_frame_hdr
 *(.eh_frame_hdr)

.eh_frame       0x000009f0        0x4
 *(.eh_frame)
 .eh_frame      0x000009f0        0x0 c:/program files (x86)/cypress/psoc creator/3.2/psoc creator/import/gnu/arm/4.8.4/bin/../lib/gcc/arm-none-eabi/4.8.4/armv6-m/crtbegin.o
 .eh_frame      0x000009f0        0x4 c:/program files (x86)/cypress/psoc creator/3.2/psoc creator/import/gnu/arm/4.8.4/bin/../lib/gcc/arm-none-eabi/4.8.4/armv6-m/crtend.o
                0x000009f4                PROVIDE (__exidx_start, .)

.ARM.exidx
 *(.ARM.exidx* .gnu.linkonce.armexidx.*)
                0x000009f4                __exidx_end = .

.rodata         0x000009f4      0x194
 *(.rodata .rodata.* .gnu.linkonce.r.*)
 .rodata.str1.4
                0x000009f4        0xc .\CortexM0\ARM_GCC_484\Debug\main.o
 .rodata        0x00000a00      0x124 .\CortexM0\ARM_GCC_484\Debug\SW.a(cyfitter_cfg.o)
 .rodata        0x00000b24       0x30 .\CortexM0\ARM_GCC_484\Debug\SW.a(CyLib.o)
                0x00000b24                cyImoFreqMhz2Reg
                0x00000b54                . = ALIGN (0x4)
 *(.init)
 .init          0x00000b54        0x4 c:/program files (x86)/cypress/psoc creator/3.2/psoc creator/import/gnu/arm/4.8.4/bin/../lib/gcc/arm-none-eabi/4.8.4/armv6-m/crti.o
                0x00000b54                _init
 .init          0x00000b58        0x8 c:/program files (x86)/cypress/psoc creator/3.2/psoc creator/import/gnu/arm/4.8.4/bin/../lib/gcc/arm-none-eabi/4.8.4/armv6-m/crtn.o
                0x00000b60                . = ALIGN (0x4)
                0x00000b60                __preinit_array_start = .
 *(.preinit_array)
                0x00000b60                __preinit_array_end = .
                0x00000b60                . = ALIGN (0x4)
                0x00000b60                __init_array_start = .
 *(SORT(.init_array.*))
 *(.init_array)
 .init_array    0x00000b60        0x4 c:/program files (x86)/cypress/psoc creator/3.2/psoc creator/import/gnu/arm/4.8.4/bin/../lib/gcc/arm-none-eabi/4.8.4/armv6-m/crtbegin.o
 .init_array    0x00000b64        0x4 .\CortexM0\ARM_GCC_484\Debug\Cm0Start.o
                0x00000b68                __init_array_end = .
                0x00000b68                . = ALIGN (0x4)
 *(.fini)
 .fini          0x00000b68        0x4 c:/program files (x86)/cypress/psoc creator/3.2/psoc creator/import/gnu/arm/4.8.4/bin/../lib/gcc/arm-none-eabi/4.8.4/armv6-m/crti.o
                0x00000b68                _fini
 .fini          0x00000b6c        0x8 c:/program files (x86)/cypress/psoc creator/3.2/psoc creator/import/gnu/arm/4.8.4/bin/../lib/gcc/arm-none-eabi/4.8.4/armv6-m/crtn.o
                0x00000b74                . = ALIGN (0x4)
                0x00000b74                __fini_array_start = .
 *(.fini_array)
 .fini_array    0x00000b74        0x4 c:/program files (x86)/cypress/psoc creator/3.2/psoc creator/import/gnu/arm/4.8.4/bin/../lib/gcc/arm-none-eabi/4.8.4/armv6-m/crtbegin.o
 *(SORT(.fini_array.*))
                0x00000b78                __fini_array_end = .
                0x00000b78                . = ALIGN (0x4)
 *crtbegin.o(.ctors)
 *(EXCLUDE_FILE(*crtend.o) .ctors)
 *(SORT(.ctors.*))
 *crtend.o(.ctors)
                0x00000b78                . = ALIGN (0x4)
 *crtbegin.o(.dtors)
 *(EXCLUDE_FILE(*crtend.o) .dtors)
 *(SORT(.dtors.*))
 *crtend.o(.dtors)
                0x00000b78                . = ALIGN (0x4)
                0x00000b78                __cy_regions = .
                0x00000b78        0x4 LONG 0xb88 __cy_region_init_ram
                0x00000b7c        0x4 LONG 0x200000c8 __cy_region_start_data
                0x00000b80        0x4 LONG 0x18 __cy_region_init_size_ram
                0x00000b84        0x4 LONG 0x40 __cy_region_zero_size_ram
                0x00000b88                __cy_regions_end = .
                0x00000b88                . = ALIGN (0x8)
                0x00000b88                _etext = .

.ramvectors     0x20000000       0xc0
                0x20000000                __cy_region_start_ram = .
 *(.ramvectors)
 .ramvectors    0x20000000       0xc0 .\CortexM0\ARM_GCC_484\Debug\Cm0Start.o
                0x20000000                CyRamVectors

.noinit         0x200000c0        0x4
 *(.noinit)
 .noinit        0x200000c0        0x4 .\CortexM0\ARM_GCC_484\Debug\Cm0Start.o

.data           0x200000c8       0x18 load address 0x00000b88
                0x200000c8                __cy_region_start_data = .
 *(.jcr)
 .jcr           0x200000c8        0x0 c:/program files (x86)/cypress/psoc creator/3.2/psoc creator/import/gnu/arm/4.8.4/bin/../lib/gcc/arm-none-eabi/4.8.4/armv6-m/crtbegin.o
 .jcr           0x200000c8        0x4 c:/program files (x86)/cypress/psoc creator/3.2/psoc creator/import/gnu/arm/4.8.4/bin/../lib/gcc/arm-none-eabi/4.8.4/armv6-m/crtend.o
 *(.got.plt)
 *(.got)
 *(.shdata)
 *(.data .data.* .gnu.linkonce.d.*)
 .data          0x200000cc       0x10 .\CortexM0\ARM_GCC_484\Debug\SW.a(CyLib.o)
                0x200000cc                cydelay32kMs
                0x200000d0                cydelayFreqKhz
                0x200000d4                cydelayFreqMhz
                0x200000d8                cydelayFreqHz
 .data          0x200000dc        0x4 .\CortexM0\ARM_GCC_484\Debug\SW.a(CyLFClk.o)
                0x200000e0                . = ALIGN (0x8)
 *(.ram)
                0x200000e0                _edata = .

.igot.plt       0x200000e0        0x0 load address 0x00000ba0
 .igot.plt      0x00000000        0x0 c:/program files (x86)/cypress/psoc creator/3.2/psoc creator/import/gnu/arm/4.8.4/bin/../lib/gcc/arm-none-eabi/4.8.4/armv6-m/crtbegin.o

.bss            0x200000e0       0x40 load address 0x00000ba0
                0x200000e0                PROVIDE (__bss_start__, .)
 *(.shbss)
 *(.bss .bss.* .gnu.linkonce.b.*)
 .bss           0x200000e0       0x1c c:/program files (x86)/cypress/psoc creator/3.2/psoc creator/import/gnu/arm/4.8.4/bin/../lib/gcc/arm-none-eabi/4.8.4/armv6-m/crtbegin.o
 .bss           0x200000fc        0x1 .\CortexM0\ARM_GCC_484\Debug\SW.a(Timer_1.o)
                0x200000fc                Timer_1_initVar
 *fill*         0x200000fd        0x3 
 .bss           0x20000100       0x1c .\CortexM0\ARM_GCC_484\Debug\SW.a(CyLFClk.o)
 .bss           0x2000011c        0x1 .\CortexM0\ARM_GCC_484\Debug\SW.a(UART_1.o)
                0x2000011c                UART_1_initVar
 *(COMMON)
                0x20000120                . = ALIGN (0x8)
 *fill*         0x2000011d        0x3 
 *(.ram.b)
                0x20000120                _end = .
                0x20000120                __end = .
                0x20000120                PROVIDE (end, .)
                0x20000120                PROVIDE (__bss_end__, .)
                0x00000b88                __cy_region_init_ram = LOADADDR (.data)
                0x00000018                __cy_region_init_size_ram = (_edata - ADDR (.data))
                0x00000040                __cy_region_zero_size_ram = (_end - _edata)

.heap           0x20000120       0x80 load address 0x00000ba0
                0x20000120                . = _end
                0x200001a0                . = (. + 0x80)
 *fill*         0x20000120       0x80 
                0x200001a0                __cy_heap_limit = .

.stack          0x20000c00      0x400
                0x20000c00                __cy_stack_limit = .
                0x20001000                . = (. + 0x400)
 *fill*         0x20000c00      0x400 
                0x00000001                ASSERT ((__cy_stack_limit >= __cy_heap_limit), region RAM overflowed with stack)

.cyloadermeta
 *(.cyloadermeta)

.cyloadablemeta
 *(.cyloadablemeta)

.cyflashprotect
                0x90400000       0x20
 *(.cyflashprotect)
 .cyflashprotect
                0x90400000       0x20 .\CortexM0\ARM_GCC_484\Debug\cymetadata.o
                0x90400000                cy_meta_flashprotect

.cymeta         0x90500000        0xc
 *(.cymeta)
 .cymeta        0x90500000        0xc .\CortexM0\ARM_GCC_484\Debug\cymetadata.o
                0x90500000                cy_metadata

.cychipprotect  0x90600000        0x4
 *(.cychipprotect)
 .cychipprotect
                0x90600000        0x4 .\CortexM0\ARM_GCC_484\Debug\cymetadata.o
                0x90600000                cy_meta_chipprotect

.rel.dyn        0x00000ba0        0x0 load address 0x90600004
 .rel.iplt      0x00000000        0x0 c:/program files (x86)/cypress/psoc creator/3.2/psoc creator/import/gnu/arm/4.8.4/bin/../lib/gcc/arm-none-eabi/4.8.4/armv6-m/crtbegin.o

.stab
 *(.stab)

.stabstr
 *(.stabstr)

.debug
 *(.debug)

.line
 *(.line)

.debug_srcinfo
 *(.debug_srcinfo)

.debug_sfnames
 *(.debug_sfnames)

.debug_aranges  0x00000000      0x6a8
 *(.debug_aranges)
 .debug_aranges
                0x00000000       0x30 .\CortexM0\ARM_GCC_484\Debug\main.o
 .debug_aranges
                0x00000030       0x18 .\CortexM0\ARM_GCC_484\Debug\cymetadata.o
 .debug_aranges
                0x00000048       0x48 .\CortexM0\ARM_GCC_484\Debug\Cm0Start.o
 .debug_aranges
                0x00000090       0x38 .\CortexM0\ARM_GCC_484\Debug\SW.a(cyfitter_cfg.o)
 .debug_aranges
                0x000000c8       0x90 .\CortexM0\ARM_GCC_484\Debug\SW.a(Timer_1.o)
 .debug_aranges
                0x00000158       0x40 .\CortexM0\ARM_GCC_484\Debug\SW.a(SW.o)
 .debug_aranges
                0x00000198       0x80 .\CortexM0\ARM_GCC_484\Debug\SW.a(isr_1.o)
 .debug_aranges
                0x00000218       0x40 .\CortexM0\ARM_GCC_484\Debug\SW.a(LED_PIN.o)
 .debug_aranges
                0x00000258       0x80 .\CortexM0\ARM_GCC_484\Debug\SW.a(isr_2.o)
 .debug_aranges
                0x000002d8       0x20 .\CortexM0\ARM_GCC_484\Debug\SW.a(CyBootAsmGnu.o)
 .debug_aranges
                0x000002f8      0x170 .\CortexM0\ARM_GCC_484\Debug\SW.a(CyLib.o)
 .debug_aranges
                0x00000468      0x120 .\CortexM0\ARM_GCC_484\Debug\SW.a(CyLFClk.o)
 .debug_aranges
                0x00000588       0x60 .\CortexM0\ARM_GCC_484\Debug\SW.a(UART_1.o)
 .debug_aranges
                0x000005e8       0x60 .\CortexM0\ARM_GCC_484\Debug\SW.a(UART_1_UART.o)
 .debug_aranges
                0x00000648       0x60 .\CortexM0\ARM_GCC_484\Debug\SW.a(UART_1_SPI_UART.o)

.debug_pubnames
 *(.debug_pubnames)

.debug_info     0x00000000     0x33d3
 *(.debug_info .gnu.linkonce.wi.*)
 .debug_info    0x00000000      0x22a .\CortexM0\ARM_GCC_484\Debug\main.o
 .debug_info    0x0000022a       0xfd .\CortexM0\ARM_GCC_484\Debug\cymetadata.o
 .debug_info    0x00000327      0x386 .\CortexM0\ARM_GCC_484\Debug\Cm0Start.o
 .debug_info    0x000006ad      0x3bd .\CortexM0\ARM_GCC_484\Debug\SW.a(cyfitter_cfg.o)
 .debug_info    0x00000a6a      0x2e7 .\CortexM0\ARM_GCC_484\Debug\SW.a(Timer_1.o)
 .debug_info    0x00000d51      0x150 .\CortexM0\ARM_GCC_484\Debug\SW.a(SW.o)
 .debug_info    0x00000ea1      0x2fe .\CortexM0\ARM_GCC_484\Debug\SW.a(isr_1.o)
 .debug_info    0x0000119f      0x150 .\CortexM0\ARM_GCC_484\Debug\SW.a(LED_PIN.o)
 .debug_info    0x000012ef      0x2fe .\CortexM0\ARM_GCC_484\Debug\SW.a(isr_2.o)
 .debug_info    0x000015ed       0x73 .\CortexM0\ARM_GCC_484\Debug\SW.a(CyBootAsmGnu.o)
 .debug_info    0x00001660      0xa5f .\CortexM0\ARM_GCC_484\Debug\SW.a(CyLib.o)
 .debug_info    0x000020bf      0xc42 .\CortexM0\ARM_GCC_484\Debug\SW.a(CyLFClk.o)
 .debug_info    0x00002d01      0x216 .\CortexM0\ARM_GCC_484\Debug\SW.a(UART_1.o)
 .debug_info    0x00002f17      0x2a7 .\CortexM0\ARM_GCC_484\Debug\SW.a(UART_1_UART.o)
 .debug_info    0x000031be      0x215 .\CortexM0\ARM_GCC_484\Debug\SW.a(UART_1_SPI_UART.o)

.debug_abbrev   0x00000000     0x1389
 *(.debug_abbrev)
 .debug_abbrev  0x00000000      0x104 .\CortexM0\ARM_GCC_484\Debug\main.o
 .debug_abbrev  0x00000104       0x5d .\CortexM0\ARM_GCC_484\Debug\cymetadata.o
 .debug_abbrev  0x00000161      0x1fc .\CortexM0\ARM_GCC_484\Debug\Cm0Start.o
 .debug_abbrev  0x0000035d      0x1dc .\CortexM0\ARM_GCC_484\Debug\SW.a(cyfitter_cfg.o)
 .debug_abbrev  0x00000539      0x152 .\CortexM0\ARM_GCC_484\Debug\SW.a(Timer_1.o)
 .debug_abbrev  0x0000068b       0xb7 .\CortexM0\ARM_GCC_484\Debug\SW.a(SW.o)
 .debug_abbrev  0x00000742      0x1c1 .\CortexM0\ARM_GCC_484\Debug\SW.a(isr_1.o)
 .debug_abbrev  0x00000903       0xb7 .\CortexM0\ARM_GCC_484\Debug\SW.a(LED_PIN.o)
 .debug_abbrev  0x000009ba      0x1c1 .\CortexM0\ARM_GCC_484\Debug\SW.a(isr_2.o)
 .debug_abbrev  0x00000b7b       0x14 .\CortexM0\ARM_GCC_484\Debug\SW.a(CyBootAsmGnu.o)
 .debug_abbrev  0x00000b8f      0x20d .\CortexM0\ARM_GCC_484\Debug\SW.a(CyLib.o)
 .debug_abbrev  0x00000d9c      0x226 .\CortexM0\ARM_GCC_484\Debug\SW.a(CyLFClk.o)
 .debug_abbrev  0x00000fc2       0xfa .\CortexM0\ARM_GCC_484\Debug\SW.a(UART_1.o)
 .debug_abbrev  0x000010bc      0x157 .\CortexM0\ARM_GCC_484\Debug\SW.a(UART_1_UART.o)
 .debug_abbrev  0x00001213      0x176 .\CortexM0\ARM_GCC_484\Debug\SW.a(UART_1_SPI_UART.o)

.debug_line     0x00000000     0x16e5
 *(.debug_line)
 .debug_line    0x00000000       0xe2 .\CortexM0\ARM_GCC_484\Debug\main.o
 .debug_line    0x000000e2       0x53 .\CortexM0\ARM_GCC_484\Debug\cymetadata.o
 .debug_line    0x00000135      0x230 .\CortexM0\ARM_GCC_484\Debug\Cm0Start.o
 .debug_line    0x00000365      0x174 .\CortexM0\ARM_GCC_484\Debug\SW.a(cyfitter_cfg.o)
 .debug_line    0x000004d9      0x181 .\CortexM0\ARM_GCC_484\Debug\SW.a(Timer_1.o)
 .debug_line    0x0000065a       0xa8 .\CortexM0\ARM_GCC_484\Debug\SW.a(SW.o)
 .debug_line    0x00000702      0x164 .\CortexM0\ARM_GCC_484\Debug\SW.a(isr_1.o)
 .debug_line    0x00000866       0xad .\CortexM0\ARM_GCC_484\Debug\SW.a(LED_PIN.o)
 .debug_line    0x00000913      0x168 .\CortexM0\ARM_GCC_484\Debug\SW.a(isr_2.o)
 .debug_line    0x00000a7b       0x69 .\CortexM0\ARM_GCC_484\Debug\SW.a(CyBootAsmGnu.o)
 .debug_line    0x00000ae4      0x42f .\CortexM0\ARM_GCC_484\Debug\SW.a(CyLib.o)
 .debug_line    0x00000f13      0x3fa .\CortexM0\ARM_GCC_484\Debug\SW.a(CyLFClk.o)
 .debug_line    0x0000130d      0x144 .\CortexM0\ARM_GCC_484\Debug\SW.a(UART_1.o)
 .debug_line    0x00001451      0x15c .\CortexM0\ARM_GCC_484\Debug\SW.a(UART_1_UART.o)
 .debug_line    0x000015ad      0x138 .\CortexM0\ARM_GCC_484\Debug\SW.a(UART_1_SPI_UART.o)

.debug_frame    0x00000000     0x1004
 *(.debug_frame)
 .debug_frame   0x00000000       0x64 .\CortexM0\ARM_GCC_484\Debug\main.o
 .debug_frame   0x00000064       0xbc .\CortexM0\ARM_GCC_484\Debug\Cm0Start.o
 .debug_frame   0x00000120       0x8c .\CortexM0\ARM_GCC_484\Debug\SW.a(cyfitter_cfg.o)
 .debug_frame   0x000001ac      0x124 .\CortexM0\ARM_GCC_484\Debug\SW.a(Timer_1.o)
 .debug_frame   0x000002d0       0x60 .\CortexM0\ARM_GCC_484\Debug\SW.a(SW.o)
 .debug_frame   0x00000330      0x110 .\CortexM0\ARM_GCC_484\Debug\SW.a(isr_1.o)
 .debug_frame   0x00000440       0x60 .\CortexM0\ARM_GCC_484\Debug\SW.a(LED_PIN.o)
 .debug_frame   0x000004a0      0x110 .\CortexM0\ARM_GCC_484\Debug\SW.a(isr_2.o)
 .debug_frame   0x000005b0      0x3bc .\CortexM0\ARM_GCC_484\Debug\SW.a(CyLib.o)
 .debug_frame   0x0000096c      0x36c .\CortexM0\ARM_GCC_484\Debug\SW.a(CyLFClk.o)
 .debug_frame   0x00000cd8       0xe8 .\CortexM0\ARM_GCC_484\Debug\SW.a(UART_1.o)
 .debug_frame   0x00000dc0       0xe0 .\CortexM0\ARM_GCC_484\Debug\SW.a(UART_1_UART.o)
 .debug_frame   0x00000ea0       0xb0 .\CortexM0\ARM_GCC_484\Debug\SW.a(UART_1_SPI_UART.o)
 .debug_frame   0x00000f50       0x20 c:/program files (x86)/cypress/psoc creator/3.2/psoc creator/import/gnu/arm/4.8.4/bin/../lib/gcc/arm-none-eabi/4.8.4/armv6-m\libgcc.a(_udivsi3.o)
 .debug_frame   0x00000f70       0x20 c:/program files (x86)/cypress/psoc creator/3.2/psoc creator/import/gnu/arm/4.8.4/bin/../lib/gcc/arm-none-eabi/4.8.4/../../../../arm-none-eabi/lib/armv6-m\libg_s.a(lib_a-errno.o)
 .debug_frame   0x00000f90       0x28 c:/program files (x86)/cypress/psoc creator/3.2/psoc creator/import/gnu/arm/4.8.4/bin/../lib/gcc/arm-none-eabi/4.8.4/../../../../arm-none-eabi/lib/armv6-m\libg_s.a(lib_a-exit.o)
 .debug_frame   0x00000fb8       0x2c c:/program files (x86)/cypress/psoc creator/3.2/psoc creator/import/gnu/arm/4.8.4/bin/../lib/gcc/arm-none-eabi/4.8.4/../../../../arm-none-eabi/lib/armv6-m\libg_s.a(lib_a-init.o)
 .debug_frame   0x00000fe4       0x20 c:/program files (x86)/cypress/psoc creator/3.2/psoc creator/import/gnu/arm/4.8.4/bin/../lib/gcc/arm-none-eabi/4.8.4/../../../../arm-none-eabi/lib/armv6-m\libg_s.a(lib_a-memset.o)

.debug_str      0x00000000     0x148c
 *(.debug_str)
 .debug_str     0x00000000      0x1dd .\CortexM0\ARM_GCC_484\Debug\main.o
                                0x216 (size before relaxing)
 .debug_str     0x000001dd       0x5b .\CortexM0\ARM_GCC_484\Debug\cymetadata.o
                                0x19f (size before relaxing)
 .debug_str     0x00000238      0x15d .\CortexM0\ARM_GCC_484\Debug\Cm0Start.o
                                0x2c6 (size before relaxing)
 .debug_str     0x00000395      0x102 .\CortexM0\ARM_GCC_484\Debug\SW.a(cyfitter_cfg.o)
                                0x29d (size before relaxing)
 .debug_str     0x00000497      0x198 .\CortexM0\ARM_GCC_484\Debug\SW.a(Timer_1.o)
                                0x324 (size before relaxing)
 .debug_str     0x0000062f       0x66 .\CortexM0\ARM_GCC_484\Debug\SW.a(SW.o)
                                0x1c6 (size before relaxing)
 .debug_str     0x00000695       0xf2 .\CortexM0\ARM_GCC_484\Debug\SW.a(isr_1.o)
                                0x2af (size before relaxing)
 .debug_str     0x00000787       0x63 .\CortexM0\ARM_GCC_484\Debug\SW.a(LED_PIN.o)
                                0x1e4 (size before relaxing)
 .debug_str     0x000007ea       0xda .\CortexM0\ARM_GCC_484\Debug\SW.a(isr_2.o)
                                0x2af (size before relaxing)
 .debug_str     0x000008c4      0x41f .\CortexM0\ARM_GCC_484\Debug\SW.a(CyLib.o)
                                0x61a (size before relaxing)
 .debug_str     0x00000ce3      0x471 .\CortexM0\ARM_GCC_484\Debug\SW.a(CyLFClk.o)
                                0x624 (size before relaxing)
 .debug_str     0x00001154      0x11f .\CortexM0\ARM_GCC_484\Debug\SW.a(UART_1.o)
                                0x27d (size before relaxing)
 .debug_str     0x00001273      0x126 .\CortexM0\ARM_GCC_484\Debug\SW.a(UART_1_UART.o)
                                0x2ca (size before relaxing)
 .debug_str     0x00001399       0xf3 .\CortexM0\ARM_GCC_484\Debug\SW.a(UART_1_SPI_UART.o)
                                0x2a7 (size before relaxing)

.debug_loc      0x00000000     0x1490
 *(.debug_loc)
 .debug_loc     0x00000000      0x144 .\CortexM0\ARM_GCC_484\Debug\Cm0Start.o
 .debug_loc     0x00000144      0x14c .\CortexM0\ARM_GCC_484\Debug\SW.a(cyfitter_cfg.o)
 .debug_loc     0x00000290       0x13 .\CortexM0\ARM_GCC_484\Debug\SW.a(Timer_1.o)
 .debug_loc     0x000002a3       0x81 .\CortexM0\ARM_GCC_484\Debug\SW.a(SW.o)
 .debug_loc     0x00000324       0x82 .\CortexM0\ARM_GCC_484\Debug\SW.a(isr_1.o)
 .debug_loc     0x000003a6       0x81 .\CortexM0\ARM_GCC_484\Debug\SW.a(LED_PIN.o)
 .debug_loc     0x00000427       0x82 .\CortexM0\ARM_GCC_484\Debug\SW.a(isr_2.o)
 .debug_loc     0x000004a9      0x5f7 .\CortexM0\ARM_GCC_484\Debug\SW.a(CyLib.o)
 .debug_loc     0x00000aa0      0x7df .\CortexM0\ARM_GCC_484\Debug\SW.a(CyLFClk.o)
 .debug_loc     0x0000127f       0x3c .\CortexM0\ARM_GCC_484\Debug\SW.a(UART_1.o)
 .debug_loc     0x000012bb      0x13f .\CortexM0\ARM_GCC_484\Debug\SW.a(UART_1_UART.o)
 .debug_loc     0x000013fa       0x96 .\CortexM0\ARM_GCC_484\Debug\SW.a(UART_1_SPI_UART.o)

.debug_macinfo
 *(.debug_macinfo)

.debug_ranges   0x00000000      0x5e8
 *(.debug_ranges)
 .debug_ranges  0x00000000       0x20 .\CortexM0\ARM_GCC_484\Debug\main.o
 .debug_ranges  0x00000020       0x50 .\CortexM0\ARM_GCC_484\Debug\Cm0Start.o
 .debug_ranges  0x00000070       0x58 .\CortexM0\ARM_GCC_484\Debug\SW.a(cyfitter_cfg.o)
 .debug_ranges  0x000000c8       0x80 .\CortexM0\ARM_GCC_484\Debug\SW.a(Timer_1.o)
 .debug_ranges  0x00000148       0x30 .\CortexM0\ARM_GCC_484\Debug\SW.a(SW.o)
 .debug_ranges  0x00000178       0x70 .\CortexM0\ARM_GCC_484\Debug\SW.a(isr_1.o)
 .debug_ranges  0x000001e8       0x30 .\CortexM0\ARM_GCC_484\Debug\SW.a(LED_PIN.o)
 .debug_ranges  0x00000218       0x70 .\CortexM0\ARM_GCC_484\Debug\SW.a(isr_2.o)
 .debug_ranges  0x00000288      0x160 .\CortexM0\ARM_GCC_484\Debug\SW.a(CyLib.o)
 .debug_ranges  0x000003e8      0x110 .\CortexM0\ARM_GCC_484\Debug\SW.a(CyLFClk.o)
 .debug_ranges  0x000004f8       0x50 .\CortexM0\ARM_GCC_484\Debug\SW.a(UART_1.o)
 .debug_ranges  0x00000548       0x50 .\CortexM0\ARM_GCC_484\Debug\SW.a(UART_1_UART.o)
 .debug_ranges  0x00000598       0x50 .\CortexM0\ARM_GCC_484\Debug\SW.a(UART_1_SPI_UART.o)

.comment        0x00000000       0x70
 .comment       0x00000000       0x70 .\CortexM0\ARM_GCC_484\Debug\main.o
                                 0x71 (size before relaxing)
 .comment       0x00000000       0x71 .\CortexM0\ARM_GCC_484\Debug\cymetadata.o
 .comment       0x00000000       0x71 .\CortexM0\ARM_GCC_484\Debug\Cm0Start.o
 .comment       0x00000000       0x71 .\CortexM0\ARM_GCC_484\Debug\SW.a(cyfitter_cfg.o)
 .comment       0x00000000       0x71 .\CortexM0\ARM_GCC_484\Debug\SW.a(Timer_1.o)
 .comment       0x00000000       0x71 .\CortexM0\ARM_GCC_484\Debug\SW.a(SW.o)
 .comment       0x00000000       0x71 .\CortexM0\ARM_GCC_484\Debug\SW.a(isr_1.o)
 .comment       0x00000000       0x71 .\CortexM0\ARM_GCC_484\Debug\SW.a(LED_PIN.o)
 .comment       0x00000000       0x71 .\CortexM0\ARM_GCC_484\Debug\SW.a(isr_2.o)
 .comment       0x00000000       0x71 .\CortexM0\ARM_GCC_484\Debug\SW.a(CyLib.o)
 .comment       0x00000000       0x71 .\CortexM0\ARM_GCC_484\Debug\SW.a(CyLFClk.o)
 .comment       0x00000000       0x71 .\CortexM0\ARM_GCC_484\Debug\SW.a(UART_1.o)
 .comment       0x00000000       0x71 .\CortexM0\ARM_GCC_484\Debug\SW.a(UART_1_UART.o)
 .comment       0x00000000       0x71 .\CortexM0\ARM_GCC_484\Debug\SW.a(UART_1_SPI_UART.o)

.debug_weaknames
 *(.debug_weaknames)

.debug_funcnames
 *(.debug_funcnames)

.debug_typenames
 *(.debug_typenames)

.debug_varnames
 *(.debug_varnames)

.note.gnu.arm.ident
 *(.note.gnu.arm.ident)

.ARM.attributes
                0x00000000       0x28
 *(.ARM.attributes)
 .ARM.attributes
                0x00000000       0x1e c:/program files (x86)/cypress/psoc creator/3.2/psoc creator/import/gnu/arm/4.8.4/bin/../lib/gcc/arm-none-eabi/4.8.4/armv6-m/crti.o
 .ARM.attributes
                0x0000001e       0x2c c:/program files (x86)/cypress/psoc creator/3.2/psoc creator/import/gnu/arm/4.8.4/bin/../lib/gcc/arm-none-eabi/4.8.4/armv6-m/crtbegin.o
 .ARM.attributes
                0x0000004a       0x1b c:/program files (x86)/cypress/psoc creator/3.2/psoc creator/import/gnu/arm/4.8.4/bin/../lib/gcc/arm-none-eabi/4.8.4/../../../../arm-none-eabi/lib/armv6-m/crt0.o
 .ARM.attributes
                0x00000065       0x31 .\CortexM0\ARM_GCC_484\Debug\main.o
 .ARM.attributes
                0x00000096       0x31 .\CortexM0\ARM_GCC_484\Debug\cymetadata.o
 .ARM.attributes
                0x000000c7       0x31 .\CortexM0\ARM_GCC_484\Debug\Cm0Start.o
 .ARM.attributes
                0x000000f8       0x31 .\CortexM0\ARM_GCC_484\Debug\SW.a(cyfitter_cfg.o)
 .ARM.attributes
                0x00000129       0x31 .\CortexM0\ARM_GCC_484\Debug\SW.a(Timer_1.o)
 .ARM.attributes
                0x0000015a       0x31 .\CortexM0\ARM_GCC_484\Debug\SW.a(SW.o)
 .ARM.attributes
                0x0000018b       0x31 .\CortexM0\ARM_GCC_484\Debug\SW.a(isr_1.o)
 .ARM.attributes
                0x000001bc       0x31 .\CortexM0\ARM_GCC_484\Debug\SW.a(LED_PIN.o)
 .ARM.attributes
                0x000001ed       0x31 .\CortexM0\ARM_GCC_484\Debug\SW.a(isr_2.o)
 .ARM.attributes
                0x0000021e       0x21 .\CortexM0\ARM_GCC_484\Debug\SW.a(CyBootAsmGnu.o)
 .ARM.attributes
                0x0000023f       0x31 .\CortexM0\ARM_GCC_484\Debug\SW.a(CyLib.o)
 .ARM.attributes
                0x00000270       0x31 .\CortexM0\ARM_GCC_484\Debug\SW.a(CyLFClk.o)
 .ARM.attributes
                0x000002a1       0x31 .\CortexM0\ARM_GCC_484\Debug\SW.a(UART_1.o)
 .ARM.attributes
                0x000002d2       0x31 .\CortexM0\ARM_GCC_484\Debug\SW.a(UART_1_UART.o)
 .ARM.attributes
                0x00000303       0x31 .\CortexM0\ARM_GCC_484\Debug\SW.a(UART_1_SPI_UART.o)
 .ARM.attributes
                0x00000334       0x1e c:/program files (x86)/cypress/psoc creator/3.2/psoc creator/import/gnu/arm/4.8.4/bin/../lib/gcc/arm-none-eabi/4.8.4/armv6-m\libgcc.a(_udivsi3.o)
 .ARM.attributes
                0x00000352       0x1e c:/program files (x86)/cypress/psoc creator/3.2/psoc creator/import/gnu/arm/4.8.4/bin/../lib/gcc/arm-none-eabi/4.8.4/armv6-m\libgcc.a(_dvmd_tls.o)
 .ARM.attributes
                0x00000370       0x2c c:/program files (x86)/cypress/psoc creator/3.2/psoc creator/import/gnu/arm/4.8.4/bin/../lib/gcc/arm-none-eabi/4.8.4/../../../../arm-none-eabi/lib/armv6-m\libg_s.a(lib_a-errno.o)
 .ARM.attributes
                0x0000039c       0x2c c:/program files (x86)/cypress/psoc creator/3.2/psoc creator/import/gnu/arm/4.8.4/bin/../lib/gcc/arm-none-eabi/4.8.4/../../../../arm-none-eabi/lib/armv6-m\libg_s.a(lib_a-exit.o)
 .ARM.attributes
                0x000003c8       0x2c c:/program files (x86)/cypress/psoc creator/3.2/psoc creator/import/gnu/arm/4.8.4/bin/../lib/gcc/arm-none-eabi/4.8.4/../../../../arm-none-eabi/lib/armv6-m\libg_s.a(lib_a-impure.o)
 .ARM.attributes
                0x000003f4       0x2c c:/program files (x86)/cypress/psoc creator/3.2/psoc creator/import/gnu/arm/4.8.4/bin/../lib/gcc/arm-none-eabi/4.8.4/../../../../arm-none-eabi/lib/armv6-m\libg_s.a(lib_a-init.o)
 .ARM.attributes
                0x00000420       0x2c c:/program files (x86)/cypress/psoc creator/3.2/psoc creator/import/gnu/arm/4.8.4/bin/../lib/gcc/arm-none-eabi/4.8.4/../../../../arm-none-eabi/lib/armv6-m\libg_s.a(lib_a-memset.o)
 .ARM.attributes
                0x0000044c       0x2c c:/program files (x86)/cypress/psoc creator/3.2/psoc creator/import/gnu/arm/4.8.4/bin/../lib/gcc/arm-none-eabi/4.8.4/armv6-m/crtend.o
 .ARM.attributes
                0x00000478       0x1e c:/program files (x86)/cypress/psoc creator/3.2/psoc creator/import/gnu/arm/4.8.4/bin/../lib/gcc/arm-none-eabi/4.8.4/armv6-m/crtn.o

/DISCARD/
 *(.note.GNU-stack)
OUTPUT(.\CortexM0\ARM_GCC_484\Debug\SW.elf elf32-littlearm)
