ARM GAS  C:\Users\eat46\AppData\Local\Temp\ccK93ZDc.s 			page 1


   1              		.cpu cortex-m0
   2              		.fpu softvfp
   3              		.eabi_attribute 20, 1
   4              		.eabi_attribute 21, 1
   5              		.eabi_attribute 23, 3
   6              		.eabi_attribute 24, 1
   7              		.eabi_attribute 25, 1
   8              		.eabi_attribute 26, 1
   9              		.eabi_attribute 30, 1
  10              		.eabi_attribute 34, 0
  11              		.eabi_attribute 18, 4
  12              		.code	16
  13              		.file	"cyfitter_cfg.c"
  14              		.text
  15              	.Ltext0:
  16              		.cfi_sections	.debug_frame
  17              		.section	.text.CYMEMZERO,"ax",%progbits
  18              		.align	2
  19              		.code	16
  20              		.thumb_func
  21              		.type	CYMEMZERO, %function
  22              	CYMEMZERO:
  23              	.LFB0:
  24              		.file 1 ".\\Generated_Source\\PSoC4\\cyfitter_cfg.c"
   1:.\Generated_Source\PSoC4/cyfitter_cfg.c **** /*******************************************************************************
   2:.\Generated_Source\PSoC4/cyfitter_cfg.c **** * FILENAME: cyfitter_cfg.c
   3:.\Generated_Source\PSoC4/cyfitter_cfg.c **** * 
   4:.\Generated_Source\PSoC4/cyfitter_cfg.c **** * PSoC Creator  3.2 SP1
   5:.\Generated_Source\PSoC4/cyfitter_cfg.c **** *
   6:.\Generated_Source\PSoC4/cyfitter_cfg.c **** * DESCRIPTION:
   7:.\Generated_Source\PSoC4/cyfitter_cfg.c **** * This file contains device initialization code.
   8:.\Generated_Source\PSoC4/cyfitter_cfg.c **** * Except for the user defined sections in CyClockStartupError(), this file should not be modified.
   9:.\Generated_Source\PSoC4/cyfitter_cfg.c **** * This file is automatically generated by PSoC Creator.
  10:.\Generated_Source\PSoC4/cyfitter_cfg.c **** *
  11:.\Generated_Source\PSoC4/cyfitter_cfg.c **** ********************************************************************************
  12:.\Generated_Source\PSoC4/cyfitter_cfg.c **** * Copyright (c) 2007-2015 Cypress Semiconductor.  All rights reserved.
  13:.\Generated_Source\PSoC4/cyfitter_cfg.c **** * You may use this file only in accordance with the license, terms, conditions, 
  14:.\Generated_Source\PSoC4/cyfitter_cfg.c **** * disclaimers, and limitations in the end user license agreement accompanying 
  15:.\Generated_Source\PSoC4/cyfitter_cfg.c **** * the software package with which this file was provided.
  16:.\Generated_Source\PSoC4/cyfitter_cfg.c **** ********************************************************************************/
  17:.\Generated_Source\PSoC4/cyfitter_cfg.c **** 
  18:.\Generated_Source\PSoC4/cyfitter_cfg.c **** #include <string.h>
  19:.\Generated_Source\PSoC4/cyfitter_cfg.c **** #include "cytypes.h"
  20:.\Generated_Source\PSoC4/cyfitter_cfg.c **** #include "cydevice_trm.h"
  21:.\Generated_Source\PSoC4/cyfitter_cfg.c **** #include "cyfitter.h"
  22:.\Generated_Source\PSoC4/cyfitter_cfg.c **** #include "CyLib.h"
  23:.\Generated_Source\PSoC4/cyfitter_cfg.c **** #include "CyLFClk.h"
  24:.\Generated_Source\PSoC4/cyfitter_cfg.c **** #include "cyfitter_cfg.h"
  25:.\Generated_Source\PSoC4/cyfitter_cfg.c **** 
  26:.\Generated_Source\PSoC4/cyfitter_cfg.c **** 
  27:.\Generated_Source\PSoC4/cyfitter_cfg.c **** #if defined(__GNUC__) || defined(__ARMCC_VERSION)
  28:.\Generated_Source\PSoC4/cyfitter_cfg.c ****     #define CYPACKED 
  29:.\Generated_Source\PSoC4/cyfitter_cfg.c ****     #define CYPACKED_ATTR __attribute__ ((packed))
  30:.\Generated_Source\PSoC4/cyfitter_cfg.c ****     #define CYALIGNED __attribute__ ((aligned))
  31:.\Generated_Source\PSoC4/cyfitter_cfg.c ****     #define CY_CFG_UNUSED __attribute__ ((unused))
  32:.\Generated_Source\PSoC4/cyfitter_cfg.c ****     #define CY_CFG_SECTION __attribute__ ((section(".psocinit")))
  33:.\Generated_Source\PSoC4/cyfitter_cfg.c ****     
ARM GAS  C:\Users\eat46\AppData\Local\Temp\ccK93ZDc.s 			page 2


  34:.\Generated_Source\PSoC4/cyfitter_cfg.c ****     #if defined(__ARMCC_VERSION)
  35:.\Generated_Source\PSoC4/cyfitter_cfg.c ****         #define CY_CFG_MEMORY_BARRIER() __memory_changed()
  36:.\Generated_Source\PSoC4/cyfitter_cfg.c ****     #else
  37:.\Generated_Source\PSoC4/cyfitter_cfg.c ****         #define CY_CFG_MEMORY_BARRIER() __sync_synchronize()
  38:.\Generated_Source\PSoC4/cyfitter_cfg.c ****     #endif
  39:.\Generated_Source\PSoC4/cyfitter_cfg.c ****     
  40:.\Generated_Source\PSoC4/cyfitter_cfg.c **** #elif defined(__ICCARM__)
  41:.\Generated_Source\PSoC4/cyfitter_cfg.c ****     #include <intrinsics.h>
  42:.\Generated_Source\PSoC4/cyfitter_cfg.c **** 
  43:.\Generated_Source\PSoC4/cyfitter_cfg.c ****     #define CYPACKED __packed
  44:.\Generated_Source\PSoC4/cyfitter_cfg.c ****     #define CYPACKED_ATTR 
  45:.\Generated_Source\PSoC4/cyfitter_cfg.c ****     #define CYALIGNED _Pragma("data_alignment=4")
  46:.\Generated_Source\PSoC4/cyfitter_cfg.c ****     #define CY_CFG_UNUSED _Pragma("diag_suppress=Pe177")
  47:.\Generated_Source\PSoC4/cyfitter_cfg.c ****     #define CY_CFG_SECTION _Pragma("location=\".psocinit\"")
  48:.\Generated_Source\PSoC4/cyfitter_cfg.c ****     
  49:.\Generated_Source\PSoC4/cyfitter_cfg.c ****     #define CY_CFG_MEMORY_BARRIER() __DMB()
  50:.\Generated_Source\PSoC4/cyfitter_cfg.c ****     
  51:.\Generated_Source\PSoC4/cyfitter_cfg.c **** #else
  52:.\Generated_Source\PSoC4/cyfitter_cfg.c ****     #error Unsupported toolchain
  53:.\Generated_Source\PSoC4/cyfitter_cfg.c **** #endif
  54:.\Generated_Source\PSoC4/cyfitter_cfg.c **** 
  55:.\Generated_Source\PSoC4/cyfitter_cfg.c **** 
  56:.\Generated_Source\PSoC4/cyfitter_cfg.c **** CY_CFG_UNUSED
  57:.\Generated_Source\PSoC4/cyfitter_cfg.c **** static void CYMEMZERO(void *s, size_t n);
  58:.\Generated_Source\PSoC4/cyfitter_cfg.c **** CY_CFG_UNUSED
  59:.\Generated_Source\PSoC4/cyfitter_cfg.c **** static void CYMEMZERO(void *s, size_t n)
  60:.\Generated_Source\PSoC4/cyfitter_cfg.c **** {
  25              		.loc 1 60 0
  26              		.cfi_startproc
  27              	.LVL0:
  28 0000 08B5     		push	{r3, lr}
  29              		.cfi_def_cfa_offset 8
  30              		.cfi_offset 3, -8
  31              		.cfi_offset 14, -4
  32 0002 0A1C     		mov	r2, r1
  61:.\Generated_Source\PSoC4/cyfitter_cfg.c **** 	(void)memset(s, 0, n);
  33              		.loc 1 61 0
  34 0004 0021     		mov	r1, #0
  35              	.LVL1:
  36 0006 FFF7FEFF 		bl	memset
  37              	.LVL2:
  62:.\Generated_Source\PSoC4/cyfitter_cfg.c **** }
  38              		.loc 1 62 0
  39              		@ sp needed
  40 000a 08BD     		pop	{r3, pc}
  41              		.cfi_endproc
  42              	.LFE0:
  43              		.size	CYMEMZERO, .-CYMEMZERO
  44              		.section	.psocinit,"ax",%progbits
  45              		.align	2
  46              		.code	16
  47              		.thumb_func
  48              		.type	ClockSetup, %function
  49              	ClockSetup:
  50              	.LFB3:
  63:.\Generated_Source\PSoC4/cyfitter_cfg.c **** CY_CFG_UNUSED
  64:.\Generated_Source\PSoC4/cyfitter_cfg.c **** static void CYCONFIGCPY(void *dest, const void *src, size_t n);
ARM GAS  C:\Users\eat46\AppData\Local\Temp\ccK93ZDc.s 			page 3


  65:.\Generated_Source\PSoC4/cyfitter_cfg.c **** CY_CFG_UNUSED
  66:.\Generated_Source\PSoC4/cyfitter_cfg.c **** static void CYCONFIGCPY(void *dest, const void *src, size_t n)
  67:.\Generated_Source\PSoC4/cyfitter_cfg.c **** {
  68:.\Generated_Source\PSoC4/cyfitter_cfg.c **** 	(void)memcpy(dest, src, n);
  69:.\Generated_Source\PSoC4/cyfitter_cfg.c **** }
  70:.\Generated_Source\PSoC4/cyfitter_cfg.c **** CY_CFG_UNUSED
  71:.\Generated_Source\PSoC4/cyfitter_cfg.c **** static void CYCONFIGCPYCODE(void *dest, const void *src, size_t n);
  72:.\Generated_Source\PSoC4/cyfitter_cfg.c **** CY_CFG_UNUSED
  73:.\Generated_Source\PSoC4/cyfitter_cfg.c **** static void CYCONFIGCPYCODE(void *dest, const void *src, size_t n)
  74:.\Generated_Source\PSoC4/cyfitter_cfg.c **** {
  75:.\Generated_Source\PSoC4/cyfitter_cfg.c **** 	(void)memcpy(dest, src, n);
  76:.\Generated_Source\PSoC4/cyfitter_cfg.c **** }
  77:.\Generated_Source\PSoC4/cyfitter_cfg.c **** 
  78:.\Generated_Source\PSoC4/cyfitter_cfg.c **** 
  79:.\Generated_Source\PSoC4/cyfitter_cfg.c **** 
  80:.\Generated_Source\PSoC4/cyfitter_cfg.c **** /* Clock startup error codes                                                   */
  81:.\Generated_Source\PSoC4/cyfitter_cfg.c **** #define CYCLOCKSTART_NO_ERROR    0u
  82:.\Generated_Source\PSoC4/cyfitter_cfg.c **** #define CYCLOCKSTART_XTAL_ERROR  1u
  83:.\Generated_Source\PSoC4/cyfitter_cfg.c **** #define CYCLOCKSTART_32KHZ_ERROR 2u
  84:.\Generated_Source\PSoC4/cyfitter_cfg.c **** #define CYCLOCKSTART_PLL_ERROR   3u
  85:.\Generated_Source\PSoC4/cyfitter_cfg.c **** 
  86:.\Generated_Source\PSoC4/cyfitter_cfg.c **** #ifdef CY_NEED_CYCLOCKSTARTUPERROR
  87:.\Generated_Source\PSoC4/cyfitter_cfg.c **** /*******************************************************************************
  88:.\Generated_Source\PSoC4/cyfitter_cfg.c **** * Function Name: CyClockStartupError
  89:.\Generated_Source\PSoC4/cyfitter_cfg.c **** ********************************************************************************
  90:.\Generated_Source\PSoC4/cyfitter_cfg.c **** * Summary:
  91:.\Generated_Source\PSoC4/cyfitter_cfg.c **** *  If an error is encountered during clock configuration (crystal startup error,
  92:.\Generated_Source\PSoC4/cyfitter_cfg.c **** *  PLL lock error, etc.), the system will end up here.  Unless reimplemented by
  93:.\Generated_Source\PSoC4/cyfitter_cfg.c **** *  the customer, this function will stop in an infinite loop.
  94:.\Generated_Source\PSoC4/cyfitter_cfg.c **** *
  95:.\Generated_Source\PSoC4/cyfitter_cfg.c **** * Parameters:
  96:.\Generated_Source\PSoC4/cyfitter_cfg.c **** *   void
  97:.\Generated_Source\PSoC4/cyfitter_cfg.c **** *
  98:.\Generated_Source\PSoC4/cyfitter_cfg.c **** * Return:
  99:.\Generated_Source\PSoC4/cyfitter_cfg.c **** *   void
 100:.\Generated_Source\PSoC4/cyfitter_cfg.c **** *
 101:.\Generated_Source\PSoC4/cyfitter_cfg.c **** *******************************************************************************/
 102:.\Generated_Source\PSoC4/cyfitter_cfg.c **** CY_CFG_UNUSED
 103:.\Generated_Source\PSoC4/cyfitter_cfg.c **** static void CyClockStartupError(uint8 errorCode);
 104:.\Generated_Source\PSoC4/cyfitter_cfg.c **** CY_CFG_UNUSED
 105:.\Generated_Source\PSoC4/cyfitter_cfg.c **** static void CyClockStartupError(uint8 errorCode)
 106:.\Generated_Source\PSoC4/cyfitter_cfg.c **** {
 107:.\Generated_Source\PSoC4/cyfitter_cfg.c ****     /* To remove the compiler warning if errorCode not used.                */
 108:.\Generated_Source\PSoC4/cyfitter_cfg.c ****     errorCode = errorCode;
 109:.\Generated_Source\PSoC4/cyfitter_cfg.c **** 
 110:.\Generated_Source\PSoC4/cyfitter_cfg.c ****     /* `#START CyClockStartupError` */
 111:.\Generated_Source\PSoC4/cyfitter_cfg.c **** 
 112:.\Generated_Source\PSoC4/cyfitter_cfg.c ****     /* If we have a clock startup error (bad MHz crystal, PLL lock, etc.),  */
 113:.\Generated_Source\PSoC4/cyfitter_cfg.c ****     /* we will end up here to allow the customer to implement something to  */
 114:.\Generated_Source\PSoC4/cyfitter_cfg.c ****     /* deal with the clock condition.                                       */
 115:.\Generated_Source\PSoC4/cyfitter_cfg.c **** 
 116:.\Generated_Source\PSoC4/cyfitter_cfg.c ****     /* `#END` */
 117:.\Generated_Source\PSoC4/cyfitter_cfg.c **** 
 118:.\Generated_Source\PSoC4/cyfitter_cfg.c ****     /* If nothing else, stop here since the clocks have not started         */
 119:.\Generated_Source\PSoC4/cyfitter_cfg.c ****     /* correctly.                                                           */
 120:.\Generated_Source\PSoC4/cyfitter_cfg.c ****     while(1) {}
 121:.\Generated_Source\PSoC4/cyfitter_cfg.c **** }
ARM GAS  C:\Users\eat46\AppData\Local\Temp\ccK93ZDc.s 			page 4


 122:.\Generated_Source\PSoC4/cyfitter_cfg.c **** #endif
 123:.\Generated_Source\PSoC4/cyfitter_cfg.c **** 
 124:.\Generated_Source\PSoC4/cyfitter_cfg.c **** 
 125:.\Generated_Source\PSoC4/cyfitter_cfg.c **** 
 126:.\Generated_Source\PSoC4/cyfitter_cfg.c **** /*******************************************************************************
 127:.\Generated_Source\PSoC4/cyfitter_cfg.c **** * Function Name: ClockSetup
 128:.\Generated_Source\PSoC4/cyfitter_cfg.c **** ********************************************************************************
 129:.\Generated_Source\PSoC4/cyfitter_cfg.c **** *
 130:.\Generated_Source\PSoC4/cyfitter_cfg.c **** * Summary:
 131:.\Generated_Source\PSoC4/cyfitter_cfg.c **** *   Performs the initialization of all of the clocks in the device based on the
 132:.\Generated_Source\PSoC4/cyfitter_cfg.c **** *   settings in the Clock tab of the DWR.  This includes enabling the requested
 133:.\Generated_Source\PSoC4/cyfitter_cfg.c **** *   clocks and setting the necessary dividers to produce the desired frequency. 
 134:.\Generated_Source\PSoC4/cyfitter_cfg.c **** *
 135:.\Generated_Source\PSoC4/cyfitter_cfg.c **** * Parameters:
 136:.\Generated_Source\PSoC4/cyfitter_cfg.c **** *   void
 137:.\Generated_Source\PSoC4/cyfitter_cfg.c **** *
 138:.\Generated_Source\PSoC4/cyfitter_cfg.c **** * Return:
 139:.\Generated_Source\PSoC4/cyfitter_cfg.c **** *   void
 140:.\Generated_Source\PSoC4/cyfitter_cfg.c **** *
 141:.\Generated_Source\PSoC4/cyfitter_cfg.c **** *******************************************************************************/
 142:.\Generated_Source\PSoC4/cyfitter_cfg.c **** static void ClockSetup(void);
 143:.\Generated_Source\PSoC4/cyfitter_cfg.c **** CY_CFG_SECTION
 144:.\Generated_Source\PSoC4/cyfitter_cfg.c **** static void ClockSetup(void)
 145:.\Generated_Source\PSoC4/cyfitter_cfg.c **** {
  51              		.loc 1 145 0
  52              		.cfi_startproc
  53 0000 10B5     		push	{r4, lr}
  54              		.cfi_def_cfa_offset 8
  55              		.cfi_offset 4, -8
  56              		.cfi_offset 14, -4
 146:.\Generated_Source\PSoC4/cyfitter_cfg.c **** 	/* Enable HALF_EN before trimming for the flash accelerator. */
 147:.\Generated_Source\PSoC4/cyfitter_cfg.c **** 	CY_SET_REG32((void CYXDATA *)(CYREG_CLK_SELECT), (CY_GET_REG32((void *)CYREG_CLK_SELECT) | 0x00040
  57              		.loc 1 147 0
  58 0002 154C     		ldr	r4, .L3
  59 0004 2268     		ldr	r2, [r4]
  60 0006 8023     		mov	r3, #128
  61 0008 DB02     		lsl	r3, r3, #11
  62 000a 1343     		orr	r3, r2
  63 000c 2360     		str	r3, [r4]
 148:.\Generated_Source\PSoC4/cyfitter_cfg.c **** 
 149:.\Generated_Source\PSoC4/cyfitter_cfg.c **** 	/* Setup and trim IMO based on desired frequency. */
 150:.\Generated_Source\PSoC4/cyfitter_cfg.c **** 	CySysClkWriteImoFreq(24u);
  64              		.loc 1 150 0
  65 000e 1820     		mov	r0, #24
  66 0010 FFF7FEFF 		bl	CySysClkWriteImoFreq
  67              	.LVL3:
 151:.\Generated_Source\PSoC4/cyfitter_cfg.c **** 
 152:.\Generated_Source\PSoC4/cyfitter_cfg.c **** 	/* Disable HALF_EN since it is not required at this IMO frequency. */
 153:.\Generated_Source\PSoC4/cyfitter_cfg.c **** 	CY_SET_REG32((void CYXDATA *)(CYREG_CLK_SELECT), (CY_GET_REG32((void *)CYREG_CLK_SELECT) & 0xFFFBF
  68              		.loc 1 153 0
  69 0014 2268     		ldr	r2, [r4]
  70 0016 114B     		ldr	r3, .L3+4
  71 0018 1340     		and	r3, r2
  72 001a 2360     		str	r3, [r4]
 154:.\Generated_Source\PSoC4/cyfitter_cfg.c **** 	/* CYDEV_CLK_ILO_CONFIG Starting address: CYDEV_CLK_ILO_CONFIG */
 155:.\Generated_Source\PSoC4/cyfitter_cfg.c **** 	CY_SET_XTND_REG32((void CYFAR *)(CYREG_CLK_ILO_CONFIG), 0x80000006u);
  73              		.loc 1 155 0
ARM GAS  C:\Users\eat46\AppData\Local\Temp\ccK93ZDc.s 			page 5


  74 001c 104A     		ldr	r2, .L3+8
  75 001e 114B     		ldr	r3, .L3+12
  76 0020 1A60     		str	r2, [r3]
 156:.\Generated_Source\PSoC4/cyfitter_cfg.c **** 
 157:.\Generated_Source\PSoC4/cyfitter_cfg.c **** 
 158:.\Generated_Source\PSoC4/cyfitter_cfg.c **** 	/* CYDEV_CLK_SELECT00 Starting address: CYDEV_CLK_SELECT00 */
 159:.\Generated_Source\PSoC4/cyfitter_cfg.c **** 	CY_SET_XTND_REG32((void CYFAR *)(CYREG_CLK_SELECT02), 0x00000010u);
  77              		.loc 1 159 0
  78 0022 1022     		mov	r2, #16
  79 0024 104B     		ldr	r3, .L3+16
  80 0026 1A60     		str	r2, [r3]
 160:.\Generated_Source\PSoC4/cyfitter_cfg.c **** 	CY_SET_XTND_REG32((void CYFAR *)(CYREG_CLK_SELECT03), 0x00000020u);
  81              		.loc 1 160 0
  82 0028 2022     		mov	r2, #32
  83 002a 104B     		ldr	r3, .L3+20
  84 002c 1A60     		str	r2, [r3]
 161:.\Generated_Source\PSoC4/cyfitter_cfg.c **** 
 162:.\Generated_Source\PSoC4/cyfitter_cfg.c **** 	/* CYDEV_CLK_IMO_CONFIG Starting address: CYDEV_CLK_IMO_CONFIG */
 163:.\Generated_Source\PSoC4/cyfitter_cfg.c **** 	CY_SET_XTND_REG32((void CYFAR *)(CYREG_CLK_IMO_CONFIG), 0x80000000u);
  85              		.loc 1 163 0
  86 002e 8022     		mov	r2, #128
  87 0030 1206     		lsl	r2, r2, #24
  88 0032 0F4B     		ldr	r3, .L3+24
  89 0034 1A60     		str	r2, [r3]
 164:.\Generated_Source\PSoC4/cyfitter_cfg.c **** 
 165:.\Generated_Source\PSoC4/cyfitter_cfg.c **** 	/* CYDEV_CLK_DIVIDER_A00 Starting address: CYDEV_CLK_DIVIDER_A00 */
 166:.\Generated_Source\PSoC4/cyfitter_cfg.c **** 	CY_SET_XTND_REG32((void CYFAR *)(CYREG_CLK_DIVIDER_A00), 0x8000000Eu);
  90              		.loc 1 166 0
  91 0036 0F4A     		ldr	r2, .L3+28
  92 0038 0F4B     		ldr	r3, .L3+32
  93 003a 1A60     		str	r2, [r3]
 167:.\Generated_Source\PSoC4/cyfitter_cfg.c **** 
 168:.\Generated_Source\PSoC4/cyfitter_cfg.c **** 	/* CYDEV_CLK_DIVIDER_B00 Starting address: CYDEV_CLK_DIVIDER_B00 */
 169:.\Generated_Source\PSoC4/cyfitter_cfg.c **** 	CY_SET_XTND_REG32((void CYFAR *)(CYREG_CLK_DIVIDER_B00), 0x800000CFu);
  94              		.loc 1 169 0
  95 003c 0F4A     		ldr	r2, .L3+36
  96 003e 104B     		ldr	r3, .L3+40
  97 0040 1A60     		str	r2, [r3]
 170:.\Generated_Source\PSoC4/cyfitter_cfg.c **** 
 171:.\Generated_Source\PSoC4/cyfitter_cfg.c **** 	(void)CyIntSetVector(9u, &CySysWdtIsr);
  98              		.loc 1 171 0
  99 0042 0920     		mov	r0, #9
 100 0044 0F49     		ldr	r1, .L3+44
 101 0046 FFF7FEFF 		bl	CyIntSetVector
 102              	.LVL4:
 172:.\Generated_Source\PSoC4/cyfitter_cfg.c **** 	CyIntEnable(9u);
 103              		.loc 1 172 0
 104 004a 0920     		mov	r0, #9
 105 004c FFF7FEFF 		bl	CyIntEnable
 106              	.LVL5:
 173:.\Generated_Source\PSoC4/cyfitter_cfg.c **** 	CY_SET_XTND_REG32((void CYFAR *)(CYREG_WDT_CONFIG), 0x00000000u);
 107              		.loc 1 173 0
 108 0050 0022     		mov	r2, #0
 109 0052 0D4B     		ldr	r3, .L3+48
 110 0054 1A60     		str	r2, [r3]
 174:.\Generated_Source\PSoC4/cyfitter_cfg.c **** }
 111              		.loc 1 174 0
ARM GAS  C:\Users\eat46\AppData\Local\Temp\ccK93ZDc.s 			page 6


 112              		@ sp needed
 113 0056 10BD     		pop	{r4, pc}
 114              	.L4:
 115              		.align	2
 116              	.L3:
 117 0058 00010B40 		.word	1074462976
 118 005c FFFFFBFF 		.word	-262145
 119 0060 06000080 		.word	-2147483642
 120 0064 04010B40 		.word	1074462980
 121 0068 08020240 		.word	1073873416
 122 006c 0C020240 		.word	1073873420
 123 0070 08010B40 		.word	1074462984
 124 0074 0E000080 		.word	-2147483634
 125 0078 00000240 		.word	1073872896
 126 007c CF000080 		.word	-2147483441
 127 0080 40000240 		.word	1073872960
 128 0084 00000000 		.word	CySysWdtIsr
 129 0088 0C020B40 		.word	1074463244
 130              		.cfi_endproc
 131              	.LFE3:
 132              		.size	ClockSetup, .-ClockSetup
 133              		.align	2
 134              		.global	cyfitter_cfg
 135              		.code	16
 136              		.thumb_func
 137              		.type	cyfitter_cfg, %function
 138              	cyfitter_cfg:
 139              	.LFB5:
 175:.\Generated_Source\PSoC4/cyfitter_cfg.c **** 
 176:.\Generated_Source\PSoC4/cyfitter_cfg.c **** 
 177:.\Generated_Source\PSoC4/cyfitter_cfg.c **** /* Analog API Functions */
 178:.\Generated_Source\PSoC4/cyfitter_cfg.c **** 
 179:.\Generated_Source\PSoC4/cyfitter_cfg.c **** 
 180:.\Generated_Source\PSoC4/cyfitter_cfg.c **** /*******************************************************************************
 181:.\Generated_Source\PSoC4/cyfitter_cfg.c **** * Function Name: AnalogSetDefault
 182:.\Generated_Source\PSoC4/cyfitter_cfg.c **** ********************************************************************************
 183:.\Generated_Source\PSoC4/cyfitter_cfg.c **** *
 184:.\Generated_Source\PSoC4/cyfitter_cfg.c **** * Summary:
 185:.\Generated_Source\PSoC4/cyfitter_cfg.c **** *  Sets up the analog portions of the chip to default values based on chip
 186:.\Generated_Source\PSoC4/cyfitter_cfg.c **** *  configuration options from the project.
 187:.\Generated_Source\PSoC4/cyfitter_cfg.c **** *
 188:.\Generated_Source\PSoC4/cyfitter_cfg.c **** * Parameters:
 189:.\Generated_Source\PSoC4/cyfitter_cfg.c **** *  void
 190:.\Generated_Source\PSoC4/cyfitter_cfg.c **** *
 191:.\Generated_Source\PSoC4/cyfitter_cfg.c **** * Return:
 192:.\Generated_Source\PSoC4/cyfitter_cfg.c **** *  void
 193:.\Generated_Source\PSoC4/cyfitter_cfg.c **** *
 194:.\Generated_Source\PSoC4/cyfitter_cfg.c **** *******************************************************************************/
 195:.\Generated_Source\PSoC4/cyfitter_cfg.c **** static void AnalogSetDefault(void);
 196:.\Generated_Source\PSoC4/cyfitter_cfg.c **** static void AnalogSetDefault(void)
 197:.\Generated_Source\PSoC4/cyfitter_cfg.c **** {
 198:.\Generated_Source\PSoC4/cyfitter_cfg.c **** }
 199:.\Generated_Source\PSoC4/cyfitter_cfg.c **** 
 200:.\Generated_Source\PSoC4/cyfitter_cfg.c **** #define CY_AMUX_UNUSED CYREG_CM0_ROM_DWT
 201:.\Generated_Source\PSoC4/cyfitter_cfg.c **** 
 202:.\Generated_Source\PSoC4/cyfitter_cfg.c **** 
 203:.\Generated_Source\PSoC4/cyfitter_cfg.c **** /*******************************************************************************
ARM GAS  C:\Users\eat46\AppData\Local\Temp\ccK93ZDc.s 			page 7


 204:.\Generated_Source\PSoC4/cyfitter_cfg.c **** * Function Name: cyfitter_cfg
 205:.\Generated_Source\PSoC4/cyfitter_cfg.c **** ********************************************************************************
 206:.\Generated_Source\PSoC4/cyfitter_cfg.c **** * Summary:
 207:.\Generated_Source\PSoC4/cyfitter_cfg.c **** *  This function is called by the start-up code for the selected device. It
 208:.\Generated_Source\PSoC4/cyfitter_cfg.c **** *  performs all of the necessary device configuration based on the design
 209:.\Generated_Source\PSoC4/cyfitter_cfg.c **** *  settings.  This includes settings from the Design Wide Resources (DWR) such
 210:.\Generated_Source\PSoC4/cyfitter_cfg.c **** *  as Clocks and Pins as well as any component configuration that is necessary.
 211:.\Generated_Source\PSoC4/cyfitter_cfg.c **** *
 212:.\Generated_Source\PSoC4/cyfitter_cfg.c **** * Parameters:  
 213:.\Generated_Source\PSoC4/cyfitter_cfg.c **** *   void
 214:.\Generated_Source\PSoC4/cyfitter_cfg.c **** *
 215:.\Generated_Source\PSoC4/cyfitter_cfg.c **** * Return:
 216:.\Generated_Source\PSoC4/cyfitter_cfg.c **** *   void
 217:.\Generated_Source\PSoC4/cyfitter_cfg.c **** *
 218:.\Generated_Source\PSoC4/cyfitter_cfg.c **** *******************************************************************************/
 219:.\Generated_Source\PSoC4/cyfitter_cfg.c **** CY_CFG_SECTION
 220:.\Generated_Source\PSoC4/cyfitter_cfg.c **** void cyfitter_cfg(void)
 221:.\Generated_Source\PSoC4/cyfitter_cfg.c **** {
 140              		.loc 1 221 0
 141              		.cfi_startproc
 142 008c 38B5     		push	{r3, r4, r5, lr}
 143              		.cfi_def_cfa_offset 16
 144              		.cfi_offset 3, -16
 145              		.cfi_offset 4, -12
 146              		.cfi_offset 5, -8
 147              		.cfi_offset 14, -4
 222:.\Generated_Source\PSoC4/cyfitter_cfg.c **** 	/* Disable interrupts by default. Let user enable if/when they want. */
 223:.\Generated_Source\PSoC4/cyfitter_cfg.c **** 	CyGlobalIntDisable;
 148              		.loc 1 223 0
 149              	@ 223 ".\Generated_Source\PSoC4\cyfitter_cfg.c" 1
 150 008e 72B6     		CPSID   i
 151              	@ 0 "" 2
 152              	.LVL6:
 153              		.code	16
 154              	.LBB2:
 224:.\Generated_Source\PSoC4/cyfitter_cfg.c **** 
 225:.\Generated_Source\PSoC4/cyfitter_cfg.c **** 	{
 226:.\Generated_Source\PSoC4/cyfitter_cfg.c **** 
 227:.\Generated_Source\PSoC4/cyfitter_cfg.c **** 		CYPACKED typedef struct {
 228:.\Generated_Source\PSoC4/cyfitter_cfg.c **** 			void CYFAR *address;
 229:.\Generated_Source\PSoC4/cyfitter_cfg.c **** 			uint16 size;
 230:.\Generated_Source\PSoC4/cyfitter_cfg.c **** 		} CYPACKED_ATTR cfg_memset_t;
 231:.\Generated_Source\PSoC4/cyfitter_cfg.c **** 
 232:.\Generated_Source\PSoC4/cyfitter_cfg.c **** 		static const cfg_memset_t CYCODE cfg_memset_list [] = {
 233:.\Generated_Source\PSoC4/cyfitter_cfg.c **** 			/* address, size */
 234:.\Generated_Source\PSoC4/cyfitter_cfg.c **** 			{(void CYFAR *)(CYDEV_UDB_P0_U0_BASE), 1024u},
 235:.\Generated_Source\PSoC4/cyfitter_cfg.c **** 			{(void CYFAR *)(CYDEV_UDB_DSI0_BASE), 1024u},
 236:.\Generated_Source\PSoC4/cyfitter_cfg.c **** 		};
 237:.\Generated_Source\PSoC4/cyfitter_cfg.c **** 
 238:.\Generated_Source\PSoC4/cyfitter_cfg.c **** 		uint8 CYDATA i;
 239:.\Generated_Source\PSoC4/cyfitter_cfg.c **** 
 240:.\Generated_Source\PSoC4/cyfitter_cfg.c **** 		/* Zero out critical memory blocks before beginning configuration */
 241:.\Generated_Source\PSoC4/cyfitter_cfg.c **** 		for (i = 0u; i < (sizeof(cfg_memset_list)/sizeof(cfg_memset_list[0])); i++)
 155              		.loc 1 241 0
 156 0090 0024     		mov	r4, #0
 157              	.LBB3:
 242:.\Generated_Source\PSoC4/cyfitter_cfg.c **** 		{
ARM GAS  C:\Users\eat46\AppData\Local\Temp\ccK93ZDc.s 			page 8


 243:.\Generated_Source\PSoC4/cyfitter_cfg.c **** 			const cfg_memset_t CYCODE * CYDATA ms = &cfg_memset_list[i];
 158              		.loc 1 243 0
 159 0092 264D     		ldr	r5, .L8
 160              	.LBE3:
 241:.\Generated_Source\PSoC4/cyfitter_cfg.c **** 		for (i = 0u; i < (sizeof(cfg_memset_list)/sizeof(cfg_memset_list[0])); i++)
 161              		.loc 1 241 0
 162 0094 0CE0     		b	.L6
 163              	.LVL7:
 164              	.L7:
 165              	.LBB4:
 166              		.loc 1 243 0 discriminator 2
 167 0096 6300     		lsl	r3, r4, #1
 168 0098 1B19     		add	r3, r3, r4
 169 009a 5B00     		lsl	r3, r3, #1
 170 009c EB18     		add	r3, r5, r3
 171              	.LVL8:
 244:.\Generated_Source\PSoC4/cyfitter_cfg.c **** 			CYMEMZERO(ms->address, (size_t)(uint32)(ms->size));
 172              		.loc 1 244 0 discriminator 2
 173 009e 9988     		ldrh	r1, [r3, #4]
 174 00a0 1A88     		ldrh	r2, [r3]
 175 00a2 5888     		ldrh	r0, [r3, #2]
 176 00a4 0004     		lsl	r0, r0, #16
 177 00a6 1043     		orr	r0, r2
 178 00a8 FFF7FEFF 		bl	CYMEMZERO
 179              	.LVL9:
 180              	.LBE4:
 241:.\Generated_Source\PSoC4/cyfitter_cfg.c **** 		for (i = 0u; i < (sizeof(cfg_memset_list)/sizeof(cfg_memset_list[0])); i++)
 181              		.loc 1 241 0 discriminator 2
 182 00ac 0134     		add	r4, r4, #1
 183              	.LVL10:
 184 00ae E4B2     		uxtb	r4, r4
 185              	.LVL11:
 186              	.L6:
 241:.\Generated_Source\PSoC4/cyfitter_cfg.c **** 		for (i = 0u; i < (sizeof(cfg_memset_list)/sizeof(cfg_memset_list[0])); i++)
 187              		.loc 1 241 0 is_stmt 0 discriminator 1
 188 00b0 012C     		cmp	r4, #1
 189 00b2 F0D9     		bls	.L7
 245:.\Generated_Source\PSoC4/cyfitter_cfg.c **** 		}
 246:.\Generated_Source\PSoC4/cyfitter_cfg.c **** 
 247:.\Generated_Source\PSoC4/cyfitter_cfg.c **** 		/* HSIOM Starting address: CYDEV_HSIOM_BASE */
 248:.\Generated_Source\PSoC4/cyfitter_cfg.c **** 		CY_SET_XTND_REG32((void CYFAR *)(CYDEV_HSIOM_BASE), 0x00990000u);
 190              		.loc 1 248 0 is_stmt 1
 191 00b4 9923     		mov	r3, #153
 192 00b6 1B04     		lsl	r3, r3, #16
 193 00b8 1D4A     		ldr	r2, .L8+4
 194 00ba 1360     		str	r3, [r2]
 249:.\Generated_Source\PSoC4/cyfitter_cfg.c **** 		CY_SET_XTND_REG32((void CYFAR *)(CYREG_HSIOM_PORT_SEL3), 0x0000EE00u);
 195              		.loc 1 249 0
 196 00bc EE21     		mov	r1, #238
 197 00be 0902     		lsl	r1, r1, #8
 198 00c0 1C4A     		ldr	r2, .L8+8
 199 00c2 1160     		str	r1, [r2]
 250:.\Generated_Source\PSoC4/cyfitter_cfg.c **** 		CY_SET_XTND_REG32((void CYFAR *)(CYREG_HSIOM_PORT_SEL4), 0x000000EEu);
 200              		.loc 1 250 0
 201 00c4 EE21     		mov	r1, #238
 202 00c6 1C4A     		ldr	r2, .L8+12
 203 00c8 1160     		str	r1, [r2]
ARM GAS  C:\Users\eat46\AppData\Local\Temp\ccK93ZDc.s 			page 9


 251:.\Generated_Source\PSoC4/cyfitter_cfg.c **** 
 252:.\Generated_Source\PSoC4/cyfitter_cfg.c **** 		/* UDB_PA_0 Starting address: CYDEV_UDB_PA0_BASE */
 253:.\Generated_Source\PSoC4/cyfitter_cfg.c **** 		CY_SET_XTND_REG32((void CYFAR *)(CYDEV_UDB_PA0_BASE), 0x00990000u);
 204              		.loc 1 253 0
 205 00ca 1C4A     		ldr	r2, .L8+16
 206 00cc 1360     		str	r3, [r2]
 254:.\Generated_Source\PSoC4/cyfitter_cfg.c **** 
 255:.\Generated_Source\PSoC4/cyfitter_cfg.c **** 		/* UDB_PA_1 Starting address: CYDEV_UDB_PA1_BASE */
 256:.\Generated_Source\PSoC4/cyfitter_cfg.c **** 		CY_SET_XTND_REG32((void CYFAR *)(CYDEV_UDB_PA1_BASE), 0x00990000u);
 207              		.loc 1 256 0
 208 00ce 1C4A     		ldr	r2, .L8+20
 209 00d0 1360     		str	r3, [r2]
 257:.\Generated_Source\PSoC4/cyfitter_cfg.c **** 
 258:.\Generated_Source\PSoC4/cyfitter_cfg.c **** 		/* UDB_PA_3 Starting address: CYDEV_UDB_PA3_BASE */
 259:.\Generated_Source\PSoC4/cyfitter_cfg.c **** 		CY_SET_XTND_REG32((void CYFAR *)(CYDEV_UDB_PA3_BASE), 0x00990000u);
 210              		.loc 1 259 0
 211 00d2 1C4A     		ldr	r2, .L8+24
 212 00d4 1360     		str	r3, [r2]
 260:.\Generated_Source\PSoC4/cyfitter_cfg.c **** 
 261:.\Generated_Source\PSoC4/cyfitter_cfg.c **** 		/* Enable digital routing */
 262:.\Generated_Source\PSoC4/cyfitter_cfg.c **** 		CY_SET_XTND_REG8((void *)CYREG_UDB_UDBIF_BANK_CTL, CY_GET_XTND_REG8((void *)CYREG_UDB_UDBIF_BANK_
 213              		.loc 1 262 0
 214 00d6 1C4B     		ldr	r3, .L8+28
 215 00d8 1978     		ldrb	r1, [r3]
 216 00da 0222     		mov	r2, #2
 217 00dc 0A43     		orr	r2, r1
 218 00de 1A70     		strb	r2, [r3]
 263:.\Generated_Source\PSoC4/cyfitter_cfg.c **** 
 264:.\Generated_Source\PSoC4/cyfitter_cfg.c **** 		/* Enable UDB array */
 265:.\Generated_Source\PSoC4/cyfitter_cfg.c **** 		CY_SET_XTND_REG8((void *)CYREG_UDB_UDBIF_WAIT_CFG, (uint8)((CY_GET_XTND_REG8((void *)CYREG_UDB_UD
 219              		.loc 1 265 0
 220 00e0 1A4A     		ldr	r2, .L8+32
 221 00e2 1178     		ldrb	r1, [r2]
 222 00e4 3C20     		mov	r0, #60
 223 00e6 8143     		bic	r1, r0
 224 00e8 1420     		mov	r0, #20
 225 00ea 0143     		orr	r1, r0
 226 00ec 1170     		strb	r1, [r2]
 266:.\Generated_Source\PSoC4/cyfitter_cfg.c **** 		CY_SET_XTND_REG8((void *)CYREG_UDB_UDBIF_BANK_CTL, (uint8)(CY_GET_XTND_REG8((void *)CYREG_UDB_UDB
 227              		.loc 1 266 0
 228 00ee 1978     		ldrb	r1, [r3]
 229 00f0 1622     		mov	r2, #22
 230 00f2 0A43     		orr	r2, r1
 231 00f4 1A70     		strb	r2, [r3]
 232              	.LBE2:
 267:.\Generated_Source\PSoC4/cyfitter_cfg.c **** 	}
 268:.\Generated_Source\PSoC4/cyfitter_cfg.c **** 
 269:.\Generated_Source\PSoC4/cyfitter_cfg.c **** 	/* Perform second pass device configuration. These items must be configured in specific order afte
 270:.\Generated_Source\PSoC4/cyfitter_cfg.c **** 	/* IOPINS0_0 Starting address: CYDEV_PRT0_DR */
 271:.\Generated_Source\PSoC4/cyfitter_cfg.c **** 	CY_SET_XTND_REG32((void CYFAR *)(CYREG_PRT0_DR), 0x00000020u);
 233              		.loc 1 271 0
 234 00f6 2023     		mov	r3, #32
 235 00f8 154A     		ldr	r2, .L8+36
 236 00fa 1360     		str	r3, [r2]
 272:.\Generated_Source\PSoC4/cyfitter_cfg.c **** 	CY_SET_XTND_REG32((void CYFAR *)(CYREG_PRT0_PC), 0x00031000u);
 237              		.loc 1 272 0
 238 00fc C421     		mov	r1, #196
ARM GAS  C:\Users\eat46\AppData\Local\Temp\ccK93ZDc.s 			page 10


 239 00fe 8902     		lsl	r1, r1, #10
 240 0100 144A     		ldr	r2, .L8+40
 241 0102 1160     		str	r1, [r2]
 273:.\Generated_Source\PSoC4/cyfitter_cfg.c **** 	CY_SET_XTND_REG32((void CYFAR *)(CYREG_PRT0_PC2), 0x00000020u);
 242              		.loc 1 273 0
 243 0104 144A     		ldr	r2, .L8+44
 244 0106 1360     		str	r3, [r2]
 274:.\Generated_Source\PSoC4/cyfitter_cfg.c **** 
 275:.\Generated_Source\PSoC4/cyfitter_cfg.c **** 	/* IOPINS0_1 Starting address: CYDEV_PRT1_DR */
 276:.\Generated_Source\PSoC4/cyfitter_cfg.c **** 	CY_SET_XTND_REG32((void CYFAR *)(CYREG_PRT1_PC), 0x00180000u);
 245              		.loc 1 276 0
 246 0108 C022     		mov	r2, #192
 247 010a 5203     		lsl	r2, r2, #13
 248 010c 134B     		ldr	r3, .L8+48
 249 010e 1A60     		str	r2, [r3]
 277:.\Generated_Source\PSoC4/cyfitter_cfg.c **** 
 278:.\Generated_Source\PSoC4/cyfitter_cfg.c **** 	/* IOPINS0_3 Starting address: CYDEV_PRT3_DR */
 279:.\Generated_Source\PSoC4/cyfitter_cfg.c **** 	CY_SET_XTND_REG32((void CYFAR *)(CYREG_PRT3_PC), 0x00000D80u);
 250              		.loc 1 279 0
 251 0110 D822     		mov	r2, #216
 252 0112 1201     		lsl	r2, r2, #4
 253 0114 124B     		ldr	r3, .L8+52
 254 0116 1A60     		str	r2, [r3]
 280:.\Generated_Source\PSoC4/cyfitter_cfg.c **** 
 281:.\Generated_Source\PSoC4/cyfitter_cfg.c **** 	/* IOPINS0_4 Starting address: CYDEV_PRT4_DR */
 282:.\Generated_Source\PSoC4/cyfitter_cfg.c **** 	CY_SET_XTND_REG32((void CYFAR *)(CYREG_PRT4_DR), 0x00000003u);
 255              		.loc 1 282 0
 256 0118 0322     		mov	r2, #3
 257 011a 124B     		ldr	r3, .L8+56
 258 011c 1A60     		str	r2, [r3]
 283:.\Generated_Source\PSoC4/cyfitter_cfg.c **** 	CY_SET_XTND_REG32((void CYFAR *)(CYREG_PRT4_PC), 0x00000024u);
 259              		.loc 1 283 0
 260 011e 2422     		mov	r2, #36
 261 0120 114B     		ldr	r3, .L8+60
 262 0122 1A60     		str	r2, [r3]
 284:.\Generated_Source\PSoC4/cyfitter_cfg.c **** 
 285:.\Generated_Source\PSoC4/cyfitter_cfg.c **** 	/* Setup clocks based on selections from Clock DWR */
 286:.\Generated_Source\PSoC4/cyfitter_cfg.c **** 	ClockSetup();
 263              		.loc 1 286 0
 264 0124 FFF76CFF 		bl	ClockSetup
 265              	.LVL12:
 287:.\Generated_Source\PSoC4/cyfitter_cfg.c **** 
 288:.\Generated_Source\PSoC4/cyfitter_cfg.c **** 	/* Perform basic analog initialization to defaults */
 289:.\Generated_Source\PSoC4/cyfitter_cfg.c **** 	AnalogSetDefault();
 290:.\Generated_Source\PSoC4/cyfitter_cfg.c **** 
 291:.\Generated_Source\PSoC4/cyfitter_cfg.c **** }
 266              		.loc 1 291 0
 267              		@ sp needed
 268              	.LVL13:
 269 0128 38BD     		pop	{r3, r4, r5, pc}
 270              	.L9:
 271 012a C046     		.align	2
 272              	.L8:
 273 012c 00000000 		.word	.LANCHOR0
 274 0130 00000140 		.word	1073807360
 275 0134 0C000140 		.word	1073807372
 276 0138 10000140 		.word	1073807376
ARM GAS  C:\Users\eat46\AppData\Local\Temp\ccK93ZDc.s 			page 11


 277 013c 00500F40 		.word	1074745344
 278 0140 10500F40 		.word	1074745360
 279 0144 30500F40 		.word	1074745392
 280 0148 00700F40 		.word	1074753536
 281 014c 01700F40 		.word	1074753537
 282 0150 00000440 		.word	1074003968
 283 0154 08000440 		.word	1074003976
 284 0158 18000440 		.word	1074003992
 285 015c 08010440 		.word	1074004232
 286 0160 08030440 		.word	1074004744
 287 0164 00040440 		.word	1074004992
 288 0168 08040440 		.word	1074005000
 289              		.cfi_endproc
 290              	.LFE5:
 291              		.size	cyfitter_cfg, .-cyfitter_cfg
 292              		.section	.rodata
 293              		.align	2
 294              		.set	.LANCHOR0,. + 0
 295              		.type	cfg_memset_list.4717, %object
 296              		.size	cfg_memset_list.4717, 12
 297              	cfg_memset_list.4717:
 298 0000 00300F40 		.word	1074737152
 299 0004 0004     		.short	1024
 300 0006 00400F40 		.4byte	1074741248
 301 000a 0004     		.short	1024
 302              		.text
 303              	.Letext0:
 304              		.file 2 "c:\\program files (x86)\\cypress\\psoc creator\\3.2\\psoc creator\\import\\gnu\\arm\\4.8.
 305              		.file 3 ".\\Generated_Source\\PSoC4\\cytypes.h"
 306              		.file 4 ".\\Generated_Source\\PSoC4\\CyLib.h"
 307              		.section	.debug_info,"",%progbits
 308              	.Ldebug_info0:
 309 0000 88020000 		.4byte	0x288
 310 0004 0400     		.2byte	0x4
 311 0006 00000000 		.4byte	.Ldebug_abbrev0
 312 000a 04       		.byte	0x4
 313 000b 01       		.uleb128 0x1
 314 000c EB000000 		.4byte	.LASF28
 315 0010 01       		.byte	0x1
 316 0011 81010000 		.4byte	.LASF29
 317 0015 ED010000 		.4byte	.LASF30
 318 0019 18000000 		.4byte	.Ldebug_ranges0+0x18
 319 001d 00000000 		.4byte	0
 320 0021 00000000 		.4byte	.Ldebug_line0
 321 0025 02       		.uleb128 0x2
 322 0026 04       		.byte	0x4
 323 0027 05       		.byte	0x5
 324 0028 696E7400 		.ascii	"int\000"
 325 002c 03       		.uleb128 0x3
 326 002d 06000000 		.4byte	.LASF11
 327 0031 02       		.byte	0x2
 328 0032 D4       		.byte	0xd4
 329 0033 37000000 		.4byte	0x37
 330 0037 04       		.uleb128 0x4
 331 0038 04       		.byte	0x4
 332 0039 07       		.byte	0x7
 333 003a B2000000 		.4byte	.LASF0
ARM GAS  C:\Users\eat46\AppData\Local\Temp\ccK93ZDc.s 			page 12


 334 003e 04       		.uleb128 0x4
 335 003f 01       		.byte	0x1
 336 0040 06       		.byte	0x6
 337 0041 10020000 		.4byte	.LASF1
 338 0045 04       		.uleb128 0x4
 339 0046 01       		.byte	0x1
 340 0047 08       		.byte	0x8
 341 0048 7C000000 		.4byte	.LASF2
 342 004c 04       		.uleb128 0x4
 343 004d 02       		.byte	0x2
 344 004e 05       		.byte	0x5
 345 004f C5010000 		.4byte	.LASF3
 346 0053 04       		.uleb128 0x4
 347 0054 02       		.byte	0x2
 348 0055 07       		.byte	0x7
 349 0056 37000000 		.4byte	.LASF4
 350 005a 04       		.uleb128 0x4
 351 005b 04       		.byte	0x4
 352 005c 05       		.byte	0x5
 353 005d E4010000 		.4byte	.LASF5
 354 0061 04       		.uleb128 0x4
 355 0062 04       		.byte	0x4
 356 0063 07       		.byte	0x7
 357 0064 5A000000 		.4byte	.LASF6
 358 0068 04       		.uleb128 0x4
 359 0069 08       		.byte	0x8
 360 006a 05       		.byte	0x5
 361 006b B2010000 		.4byte	.LASF7
 362 006f 04       		.uleb128 0x4
 363 0070 08       		.byte	0x8
 364 0071 07       		.byte	0x7
 365 0072 D4000000 		.4byte	.LASF8
 366 0076 04       		.uleb128 0x4
 367 0077 04       		.byte	0x4
 368 0078 07       		.byte	0x7
 369 0079 A9010000 		.4byte	.LASF9
 370 007d 05       		.uleb128 0x5
 371 007e 04       		.byte	0x4
 372 007f 06       		.uleb128 0x6
 373 0080 04       		.byte	0x4
 374 0081 85000000 		.4byte	0x85
 375 0085 07       		.uleb128 0x7
 376 0086 04       		.uleb128 0x4
 377 0087 01       		.byte	0x1
 378 0088 08       		.byte	0x8
 379 0089 C0010000 		.4byte	.LASF10
 380 008d 03       		.uleb128 0x3
 381 008e 6C000000 		.4byte	.LASF12
 382 0092 03       		.byte	0x3
 383 0093 C1       		.byte	0xc1
 384 0094 45000000 		.4byte	0x45
 385 0098 03       		.uleb128 0x3
 386 0099 A4000000 		.4byte	.LASF13
 387 009d 03       		.byte	0x3
 388 009e C2       		.byte	0xc2
 389 009f 53000000 		.4byte	0x53
 390 00a3 03       		.uleb128 0x3
ARM GAS  C:\Users\eat46\AppData\Local\Temp\ccK93ZDc.s 			page 13


 391 00a4 AB000000 		.4byte	.LASF14
 392 00a8 03       		.byte	0x3
 393 00a9 C3       		.byte	0xc3
 394 00aa 61000000 		.4byte	0x61
 395 00ae 04       		.uleb128 0x4
 396 00af 04       		.byte	0x4
 397 00b0 04       		.byte	0x4
 398 00b1 4A000000 		.4byte	.LASF15
 399 00b5 04       		.uleb128 0x4
 400 00b6 08       		.byte	0x8
 401 00b7 04       		.byte	0x4
 402 00b8 91000000 		.4byte	.LASF16
 403 00bc 08       		.uleb128 0x8
 404 00bd 55000000 		.4byte	.LASF17
 405 00c1 03       		.byte	0x3
 406 00c2 6B01     		.2byte	0x16b
 407 00c4 C8000000 		.4byte	0xc8
 408 00c8 09       		.uleb128 0x9
 409 00c9 8D000000 		.4byte	0x8d
 410 00cd 08       		.uleb128 0x8
 411 00ce 00000000 		.4byte	.LASF18
 412 00d2 03       		.byte	0x3
 413 00d3 6D01     		.2byte	0x16d
 414 00d5 D9000000 		.4byte	0xd9
 415 00d9 09       		.uleb128 0x9
 416 00da A3000000 		.4byte	0xa3
 417 00de 08       		.uleb128 0x8
 418 00df 67010000 		.4byte	.LASF19
 419 00e3 03       		.byte	0x3
 420 00e4 7D01     		.2byte	0x17d
 421 00e6 7F000000 		.4byte	0x7f
 422 00ea 0A       		.uleb128 0xa
 423 00eb 72000000 		.4byte	.LASF20
 424 00ef 01       		.byte	0x1
 425 00f0 3B       		.byte	0x3b
 426 00f1 00000000 		.4byte	.LFB0
 427 00f5 0C000000 		.4byte	.LFE0-.LFB0
 428 00f9 01       		.uleb128 0x1
 429 00fa 9C       		.byte	0x9c
 430 00fb 37010000 		.4byte	0x137
 431 00ff 0B       		.uleb128 0xb
 432 0100 7300     		.ascii	"s\000"
 433 0102 01       		.byte	0x1
 434 0103 3B       		.byte	0x3b
 435 0104 7D000000 		.4byte	0x7d
 436 0108 00000000 		.4byte	.LLST0
 437 010c 0B       		.uleb128 0xb
 438 010d 6E00     		.ascii	"n\000"
 439 010f 01       		.byte	0x1
 440 0110 3B       		.byte	0x3b
 441 0111 2C000000 		.4byte	0x2c
 442 0115 21000000 		.4byte	.LLST1
 443 0119 0C       		.uleb128 0xc
 444 011a 0A000000 		.4byte	.LVL2
 445 011e 36020000 		.4byte	0x236
 446 0122 0D       		.uleb128 0xd
 447 0123 01       		.uleb128 0x1
ARM GAS  C:\Users\eat46\AppData\Local\Temp\ccK93ZDc.s 			page 14


 448 0124 52       		.byte	0x52
 449 0125 03       		.uleb128 0x3
 450 0126 F3       		.byte	0xf3
 451 0127 01       		.uleb128 0x1
 452 0128 51       		.byte	0x51
 453 0129 0D       		.uleb128 0xd
 454 012a 01       		.uleb128 0x1
 455 012b 51       		.byte	0x51
 456 012c 01       		.uleb128 0x1
 457 012d 30       		.byte	0x30
 458 012e 0D       		.uleb128 0xd
 459 012f 01       		.uleb128 0x1
 460 0130 50       		.byte	0x50
 461 0131 03       		.uleb128 0x3
 462 0132 F3       		.byte	0xf3
 463 0133 01       		.uleb128 0x1
 464 0134 50       		.byte	0x50
 465 0135 00       		.byte	0
 466 0136 00       		.byte	0
 467 0137 0A       		.uleb128 0xa
 468 0138 2C000000 		.4byte	.LASF21
 469 013c 01       		.byte	0x1
 470 013d 90       		.byte	0x90
 471 013e 00000000 		.4byte	.LFB3
 472 0142 8C000000 		.4byte	.LFE3-.LFB3
 473 0146 01       		.uleb128 0x1
 474 0147 9C       		.byte	0x9c
 475 0148 82010000 		.4byte	0x182
 476 014c 0E       		.uleb128 0xe
 477 014d 14000000 		.4byte	.LVL3
 478 0151 53020000 		.4byte	0x253
 479 0155 5F010000 		.4byte	0x15f
 480 0159 0D       		.uleb128 0xd
 481 015a 01       		.uleb128 0x1
 482 015b 50       		.byte	0x50
 483 015c 01       		.uleb128 0x1
 484 015d 48       		.byte	0x48
 485 015e 00       		.byte	0
 486 015f 0E       		.uleb128 0xe
 487 0160 4A000000 		.4byte	.LVL4
 488 0164 64020000 		.4byte	0x264
 489 0168 72010000 		.4byte	0x172
 490 016c 0D       		.uleb128 0xd
 491 016d 01       		.uleb128 0x1
 492 016e 50       		.byte	0x50
 493 016f 01       		.uleb128 0x1
 494 0170 39       		.byte	0x39
 495 0171 00       		.byte	0
 496 0172 0C       		.uleb128 0xc
 497 0173 50000000 		.4byte	.LVL5
 498 0177 7E020000 		.4byte	0x27e
 499 017b 0D       		.uleb128 0xd
 500 017c 01       		.uleb128 0x1
 501 017d 50       		.byte	0x50
 502 017e 01       		.uleb128 0x1
 503 017f 39       		.byte	0x39
 504 0180 00       		.byte	0
ARM GAS  C:\Users\eat46\AppData\Local\Temp\ccK93ZDc.s 			page 15


 505 0181 00       		.byte	0
 506 0182 0F       		.uleb128 0xf
 507 0183 BF000000 		.4byte	.LASF31
 508 0187 01       		.byte	0x1
 509 0188 DC       		.byte	0xdc
 510 0189 8C000000 		.4byte	.LFB5
 511 018d E0000000 		.4byte	.LFE5-.LFB5
 512 0191 01       		.uleb128 0x1
 513 0192 9C       		.byte	0x9c
 514 0193 36020000 		.4byte	0x236
 515 0197 10       		.uleb128 0x10
 516 0198 90000000 		.4byte	.LBB2
 517 019c 66000000 		.4byte	.LBE2-.LBB2
 518 01a0 2C020000 		.4byte	0x22c
 519 01a4 11       		.uleb128 0x11
 520 01a5 06       		.byte	0x6
 521 01a6 01       		.byte	0x1
 522 01a7 E3       		.byte	0xe3
 523 01a8 C5010000 		.4byte	0x1c5
 524 01ac 12       		.uleb128 0x12
 525 01ad CC000000 		.4byte	.LASF22
 526 01b1 01       		.byte	0x1
 527 01b2 E4       		.byte	0xe4
 528 01b3 7D000000 		.4byte	0x7d
 529 01b7 00       		.byte	0
 530 01b8 12       		.uleb128 0x12
 531 01b9 50000000 		.4byte	.LASF23
 532 01bd 01       		.byte	0x1
 533 01be E5       		.byte	0xe5
 534 01bf 98000000 		.4byte	0x98
 535 01c3 04       		.byte	0x4
 536 01c4 00       		.byte	0
 537 01c5 03       		.uleb128 0x3
 538 01c6 74010000 		.4byte	.LASF24
 539 01ca 01       		.byte	0x1
 540 01cb E6       		.byte	0xe6
 541 01cc A4010000 		.4byte	0x1a4
 542 01d0 13       		.uleb128 0x13
 543 01d1 C5010000 		.4byte	0x1c5
 544 01d5 E0010000 		.4byte	0x1e0
 545 01d9 14       		.uleb128 0x14
 546 01da 76000000 		.4byte	0x76
 547 01de 01       		.byte	0x1
 548 01df 00       		.byte	0
 549 01e0 15       		.uleb128 0x15
 550 01e1 1C000000 		.4byte	.LASF25
 551 01e5 01       		.byte	0x1
 552 01e6 E8       		.byte	0xe8
 553 01e7 F1010000 		.4byte	0x1f1
 554 01eb 05       		.uleb128 0x5
 555 01ec 03       		.byte	0x3
 556 01ed 00000000 		.4byte	cfg_memset_list.4717
 557 01f1 16       		.uleb128 0x16
 558 01f2 D0010000 		.4byte	0x1d0
 559 01f6 17       		.uleb128 0x17
 560 01f7 6900     		.ascii	"i\000"
 561 01f9 01       		.byte	0x1
ARM GAS  C:\Users\eat46\AppData\Local\Temp\ccK93ZDc.s 			page 16


 562 01fa EE       		.byte	0xee
 563 01fb 8D000000 		.4byte	0x8d
 564 01ff 4D000000 		.4byte	.LLST2
 565 0203 18       		.uleb128 0x18
 566 0204 00000000 		.4byte	.Ldebug_ranges0+0
 567 0208 17       		.uleb128 0x17
 568 0209 6D7300   		.ascii	"ms\000"
 569 020c 01       		.byte	0x1
 570 020d F3       		.byte	0xf3
 571 020e 16020000 		.4byte	0x216
 572 0212 84000000 		.4byte	.LLST3
 573 0216 06       		.uleb128 0x6
 574 0217 04       		.byte	0x4
 575 0218 1C020000 		.4byte	0x21c
 576 021c 16       		.uleb128 0x16
 577 021d C5010000 		.4byte	0x1c5
 578 0221 19       		.uleb128 0x19
 579 0222 AC000000 		.4byte	.LVL9
 580 0226 EA000000 		.4byte	0xea
 581 022a 00       		.byte	0
 582 022b 00       		.byte	0
 583 022c 19       		.uleb128 0x19
 584 022d 28010000 		.4byte	.LVL12
 585 0231 37010000 		.4byte	0x137
 586 0235 00       		.byte	0
 587 0236 1A       		.uleb128 0x1a
 588 0237 8A000000 		.4byte	.LASF26
 589 023b 7D000000 		.4byte	0x7d
 590 023f 53020000 		.4byte	0x253
 591 0243 1B       		.uleb128 0x1b
 592 0244 7D000000 		.4byte	0x7d
 593 0248 1B       		.uleb128 0x1b
 594 0249 25000000 		.4byte	0x25
 595 024d 1B       		.uleb128 0x1b
 596 024e 76000000 		.4byte	0x76
 597 0252 00       		.byte	0
 598 0253 1C       		.uleb128 0x1c
 599 0254 CF010000 		.4byte	.LASF27
 600 0258 04       		.byte	0x4
 601 0259 31       		.byte	0x31
 602 025a 64020000 		.4byte	0x264
 603 025e 1B       		.uleb128 0x1b
 604 025f A3000000 		.4byte	0xa3
 605 0263 00       		.byte	0
 606 0264 1D       		.uleb128 0x1d
 607 0265 0D000000 		.4byte	.LASF32
 608 0269 04       		.byte	0x4
 609 026a 46       		.byte	0x46
 610 026b DE000000 		.4byte	0xde
 611 026f 7E020000 		.4byte	0x27e
 612 0273 1B       		.uleb128 0x1b
 613 0274 8D000000 		.4byte	0x8d
 614 0278 1B       		.uleb128 0x1b
 615 0279 DE000000 		.4byte	0xde
 616 027d 00       		.byte	0
 617 027e 1E       		.uleb128 0x1e
 618 027f 98000000 		.4byte	.LASF33
ARM GAS  C:\Users\eat46\AppData\Local\Temp\ccK93ZDc.s 			page 17


 619 0283 04       		.byte	0x4
 620 0284 4C       		.byte	0x4c
 621 0285 1B       		.uleb128 0x1b
 622 0286 8D000000 		.4byte	0x8d
 623 028a 00       		.byte	0
 624 028b 00       		.byte	0
 625              		.section	.debug_abbrev,"",%progbits
 626              	.Ldebug_abbrev0:
 627 0000 01       		.uleb128 0x1
 628 0001 11       		.uleb128 0x11
 629 0002 01       		.byte	0x1
 630 0003 25       		.uleb128 0x25
 631 0004 0E       		.uleb128 0xe
 632 0005 13       		.uleb128 0x13
 633 0006 0B       		.uleb128 0xb
 634 0007 03       		.uleb128 0x3
 635 0008 0E       		.uleb128 0xe
 636 0009 1B       		.uleb128 0x1b
 637 000a 0E       		.uleb128 0xe
 638 000b 55       		.uleb128 0x55
 639 000c 17       		.uleb128 0x17
 640 000d 11       		.uleb128 0x11
 641 000e 01       		.uleb128 0x1
 642 000f 10       		.uleb128 0x10
 643 0010 17       		.uleb128 0x17
 644 0011 00       		.byte	0
 645 0012 00       		.byte	0
 646 0013 02       		.uleb128 0x2
 647 0014 24       		.uleb128 0x24
 648 0015 00       		.byte	0
 649 0016 0B       		.uleb128 0xb
 650 0017 0B       		.uleb128 0xb
 651 0018 3E       		.uleb128 0x3e
 652 0019 0B       		.uleb128 0xb
 653 001a 03       		.uleb128 0x3
 654 001b 08       		.uleb128 0x8
 655 001c 00       		.byte	0
 656 001d 00       		.byte	0
 657 001e 03       		.uleb128 0x3
 658 001f 16       		.uleb128 0x16
 659 0020 00       		.byte	0
 660 0021 03       		.uleb128 0x3
 661 0022 0E       		.uleb128 0xe
 662 0023 3A       		.uleb128 0x3a
 663 0024 0B       		.uleb128 0xb
 664 0025 3B       		.uleb128 0x3b
 665 0026 0B       		.uleb128 0xb
 666 0027 49       		.uleb128 0x49
 667 0028 13       		.uleb128 0x13
 668 0029 00       		.byte	0
 669 002a 00       		.byte	0
 670 002b 04       		.uleb128 0x4
 671 002c 24       		.uleb128 0x24
 672 002d 00       		.byte	0
 673 002e 0B       		.uleb128 0xb
 674 002f 0B       		.uleb128 0xb
 675 0030 3E       		.uleb128 0x3e
ARM GAS  C:\Users\eat46\AppData\Local\Temp\ccK93ZDc.s 			page 18


 676 0031 0B       		.uleb128 0xb
 677 0032 03       		.uleb128 0x3
 678 0033 0E       		.uleb128 0xe
 679 0034 00       		.byte	0
 680 0035 00       		.byte	0
 681 0036 05       		.uleb128 0x5
 682 0037 0F       		.uleb128 0xf
 683 0038 00       		.byte	0
 684 0039 0B       		.uleb128 0xb
 685 003a 0B       		.uleb128 0xb
 686 003b 00       		.byte	0
 687 003c 00       		.byte	0
 688 003d 06       		.uleb128 0x6
 689 003e 0F       		.uleb128 0xf
 690 003f 00       		.byte	0
 691 0040 0B       		.uleb128 0xb
 692 0041 0B       		.uleb128 0xb
 693 0042 49       		.uleb128 0x49
 694 0043 13       		.uleb128 0x13
 695 0044 00       		.byte	0
 696 0045 00       		.byte	0
 697 0046 07       		.uleb128 0x7
 698 0047 15       		.uleb128 0x15
 699 0048 00       		.byte	0
 700 0049 27       		.uleb128 0x27
 701 004a 19       		.uleb128 0x19
 702 004b 00       		.byte	0
 703 004c 00       		.byte	0
 704 004d 08       		.uleb128 0x8
 705 004e 16       		.uleb128 0x16
 706 004f 00       		.byte	0
 707 0050 03       		.uleb128 0x3
 708 0051 0E       		.uleb128 0xe
 709 0052 3A       		.uleb128 0x3a
 710 0053 0B       		.uleb128 0xb
 711 0054 3B       		.uleb128 0x3b
 712 0055 05       		.uleb128 0x5
 713 0056 49       		.uleb128 0x49
 714 0057 13       		.uleb128 0x13
 715 0058 00       		.byte	0
 716 0059 00       		.byte	0
 717 005a 09       		.uleb128 0x9
 718 005b 35       		.uleb128 0x35
 719 005c 00       		.byte	0
 720 005d 49       		.uleb128 0x49
 721 005e 13       		.uleb128 0x13
 722 005f 00       		.byte	0
 723 0060 00       		.byte	0
 724 0061 0A       		.uleb128 0xa
 725 0062 2E       		.uleb128 0x2e
 726 0063 01       		.byte	0x1
 727 0064 03       		.uleb128 0x3
 728 0065 0E       		.uleb128 0xe
 729 0066 3A       		.uleb128 0x3a
 730 0067 0B       		.uleb128 0xb
 731 0068 3B       		.uleb128 0x3b
 732 0069 0B       		.uleb128 0xb
ARM GAS  C:\Users\eat46\AppData\Local\Temp\ccK93ZDc.s 			page 19


 733 006a 27       		.uleb128 0x27
 734 006b 19       		.uleb128 0x19
 735 006c 11       		.uleb128 0x11
 736 006d 01       		.uleb128 0x1
 737 006e 12       		.uleb128 0x12
 738 006f 06       		.uleb128 0x6
 739 0070 40       		.uleb128 0x40
 740 0071 18       		.uleb128 0x18
 741 0072 9742     		.uleb128 0x2117
 742 0074 19       		.uleb128 0x19
 743 0075 01       		.uleb128 0x1
 744 0076 13       		.uleb128 0x13
 745 0077 00       		.byte	0
 746 0078 00       		.byte	0
 747 0079 0B       		.uleb128 0xb
 748 007a 05       		.uleb128 0x5
 749 007b 00       		.byte	0
 750 007c 03       		.uleb128 0x3
 751 007d 08       		.uleb128 0x8
 752 007e 3A       		.uleb128 0x3a
 753 007f 0B       		.uleb128 0xb
 754 0080 3B       		.uleb128 0x3b
 755 0081 0B       		.uleb128 0xb
 756 0082 49       		.uleb128 0x49
 757 0083 13       		.uleb128 0x13
 758 0084 02       		.uleb128 0x2
 759 0085 17       		.uleb128 0x17
 760 0086 00       		.byte	0
 761 0087 00       		.byte	0
 762 0088 0C       		.uleb128 0xc
 763 0089 898201   		.uleb128 0x4109
 764 008c 01       		.byte	0x1
 765 008d 11       		.uleb128 0x11
 766 008e 01       		.uleb128 0x1
 767 008f 31       		.uleb128 0x31
 768 0090 13       		.uleb128 0x13
 769 0091 00       		.byte	0
 770 0092 00       		.byte	0
 771 0093 0D       		.uleb128 0xd
 772 0094 8A8201   		.uleb128 0x410a
 773 0097 00       		.byte	0
 774 0098 02       		.uleb128 0x2
 775 0099 18       		.uleb128 0x18
 776 009a 9142     		.uleb128 0x2111
 777 009c 18       		.uleb128 0x18
 778 009d 00       		.byte	0
 779 009e 00       		.byte	0
 780 009f 0E       		.uleb128 0xe
 781 00a0 898201   		.uleb128 0x4109
 782 00a3 01       		.byte	0x1
 783 00a4 11       		.uleb128 0x11
 784 00a5 01       		.uleb128 0x1
 785 00a6 31       		.uleb128 0x31
 786 00a7 13       		.uleb128 0x13
 787 00a8 01       		.uleb128 0x1
 788 00a9 13       		.uleb128 0x13
 789 00aa 00       		.byte	0
ARM GAS  C:\Users\eat46\AppData\Local\Temp\ccK93ZDc.s 			page 20


 790 00ab 00       		.byte	0
 791 00ac 0F       		.uleb128 0xf
 792 00ad 2E       		.uleb128 0x2e
 793 00ae 01       		.byte	0x1
 794 00af 3F       		.uleb128 0x3f
 795 00b0 19       		.uleb128 0x19
 796 00b1 03       		.uleb128 0x3
 797 00b2 0E       		.uleb128 0xe
 798 00b3 3A       		.uleb128 0x3a
 799 00b4 0B       		.uleb128 0xb
 800 00b5 3B       		.uleb128 0x3b
 801 00b6 0B       		.uleb128 0xb
 802 00b7 27       		.uleb128 0x27
 803 00b8 19       		.uleb128 0x19
 804 00b9 11       		.uleb128 0x11
 805 00ba 01       		.uleb128 0x1
 806 00bb 12       		.uleb128 0x12
 807 00bc 06       		.uleb128 0x6
 808 00bd 40       		.uleb128 0x40
 809 00be 18       		.uleb128 0x18
 810 00bf 9742     		.uleb128 0x2117
 811 00c1 19       		.uleb128 0x19
 812 00c2 01       		.uleb128 0x1
 813 00c3 13       		.uleb128 0x13
 814 00c4 00       		.byte	0
 815 00c5 00       		.byte	0
 816 00c6 10       		.uleb128 0x10
 817 00c7 0B       		.uleb128 0xb
 818 00c8 01       		.byte	0x1
 819 00c9 11       		.uleb128 0x11
 820 00ca 01       		.uleb128 0x1
 821 00cb 12       		.uleb128 0x12
 822 00cc 06       		.uleb128 0x6
 823 00cd 01       		.uleb128 0x1
 824 00ce 13       		.uleb128 0x13
 825 00cf 00       		.byte	0
 826 00d0 00       		.byte	0
 827 00d1 11       		.uleb128 0x11
 828 00d2 13       		.uleb128 0x13
 829 00d3 01       		.byte	0x1
 830 00d4 0B       		.uleb128 0xb
 831 00d5 0B       		.uleb128 0xb
 832 00d6 3A       		.uleb128 0x3a
 833 00d7 0B       		.uleb128 0xb
 834 00d8 3B       		.uleb128 0x3b
 835 00d9 0B       		.uleb128 0xb
 836 00da 01       		.uleb128 0x1
 837 00db 13       		.uleb128 0x13
 838 00dc 00       		.byte	0
 839 00dd 00       		.byte	0
 840 00de 12       		.uleb128 0x12
 841 00df 0D       		.uleb128 0xd
 842 00e0 00       		.byte	0
 843 00e1 03       		.uleb128 0x3
 844 00e2 0E       		.uleb128 0xe
 845 00e3 3A       		.uleb128 0x3a
 846 00e4 0B       		.uleb128 0xb
ARM GAS  C:\Users\eat46\AppData\Local\Temp\ccK93ZDc.s 			page 21


 847 00e5 3B       		.uleb128 0x3b
 848 00e6 0B       		.uleb128 0xb
 849 00e7 49       		.uleb128 0x49
 850 00e8 13       		.uleb128 0x13
 851 00e9 38       		.uleb128 0x38
 852 00ea 0B       		.uleb128 0xb
 853 00eb 00       		.byte	0
 854 00ec 00       		.byte	0
 855 00ed 13       		.uleb128 0x13
 856 00ee 01       		.uleb128 0x1
 857 00ef 01       		.byte	0x1
 858 00f0 49       		.uleb128 0x49
 859 00f1 13       		.uleb128 0x13
 860 00f2 01       		.uleb128 0x1
 861 00f3 13       		.uleb128 0x13
 862 00f4 00       		.byte	0
 863 00f5 00       		.byte	0
 864 00f6 14       		.uleb128 0x14
 865 00f7 21       		.uleb128 0x21
 866 00f8 00       		.byte	0
 867 00f9 49       		.uleb128 0x49
 868 00fa 13       		.uleb128 0x13
 869 00fb 2F       		.uleb128 0x2f
 870 00fc 0B       		.uleb128 0xb
 871 00fd 00       		.byte	0
 872 00fe 00       		.byte	0
 873 00ff 15       		.uleb128 0x15
 874 0100 34       		.uleb128 0x34
 875 0101 00       		.byte	0
 876 0102 03       		.uleb128 0x3
 877 0103 0E       		.uleb128 0xe
 878 0104 3A       		.uleb128 0x3a
 879 0105 0B       		.uleb128 0xb
 880 0106 3B       		.uleb128 0x3b
 881 0107 0B       		.uleb128 0xb
 882 0108 49       		.uleb128 0x49
 883 0109 13       		.uleb128 0x13
 884 010a 02       		.uleb128 0x2
 885 010b 18       		.uleb128 0x18
 886 010c 00       		.byte	0
 887 010d 00       		.byte	0
 888 010e 16       		.uleb128 0x16
 889 010f 26       		.uleb128 0x26
 890 0110 00       		.byte	0
 891 0111 49       		.uleb128 0x49
 892 0112 13       		.uleb128 0x13
 893 0113 00       		.byte	0
 894 0114 00       		.byte	0
 895 0115 17       		.uleb128 0x17
 896 0116 34       		.uleb128 0x34
 897 0117 00       		.byte	0
 898 0118 03       		.uleb128 0x3
 899 0119 08       		.uleb128 0x8
 900 011a 3A       		.uleb128 0x3a
 901 011b 0B       		.uleb128 0xb
 902 011c 3B       		.uleb128 0x3b
 903 011d 0B       		.uleb128 0xb
ARM GAS  C:\Users\eat46\AppData\Local\Temp\ccK93ZDc.s 			page 22


 904 011e 49       		.uleb128 0x49
 905 011f 13       		.uleb128 0x13
 906 0120 02       		.uleb128 0x2
 907 0121 17       		.uleb128 0x17
 908 0122 00       		.byte	0
 909 0123 00       		.byte	0
 910 0124 18       		.uleb128 0x18
 911 0125 0B       		.uleb128 0xb
 912 0126 01       		.byte	0x1
 913 0127 55       		.uleb128 0x55
 914 0128 17       		.uleb128 0x17
 915 0129 00       		.byte	0
 916 012a 00       		.byte	0
 917 012b 19       		.uleb128 0x19
 918 012c 898201   		.uleb128 0x4109
 919 012f 00       		.byte	0
 920 0130 11       		.uleb128 0x11
 921 0131 01       		.uleb128 0x1
 922 0132 31       		.uleb128 0x31
 923 0133 13       		.uleb128 0x13
 924 0134 00       		.byte	0
 925 0135 00       		.byte	0
 926 0136 1A       		.uleb128 0x1a
 927 0137 2E       		.uleb128 0x2e
 928 0138 01       		.byte	0x1
 929 0139 3F       		.uleb128 0x3f
 930 013a 19       		.uleb128 0x19
 931 013b 03       		.uleb128 0x3
 932 013c 0E       		.uleb128 0xe
 933 013d 27       		.uleb128 0x27
 934 013e 19       		.uleb128 0x19
 935 013f 49       		.uleb128 0x49
 936 0140 13       		.uleb128 0x13
 937 0141 34       		.uleb128 0x34
 938 0142 19       		.uleb128 0x19
 939 0143 3C       		.uleb128 0x3c
 940 0144 19       		.uleb128 0x19
 941 0145 01       		.uleb128 0x1
 942 0146 13       		.uleb128 0x13
 943 0147 00       		.byte	0
 944 0148 00       		.byte	0
 945 0149 1B       		.uleb128 0x1b
 946 014a 05       		.uleb128 0x5
 947 014b 00       		.byte	0
 948 014c 49       		.uleb128 0x49
 949 014d 13       		.uleb128 0x13
 950 014e 00       		.byte	0
 951 014f 00       		.byte	0
 952 0150 1C       		.uleb128 0x1c
 953 0151 2E       		.uleb128 0x2e
 954 0152 01       		.byte	0x1
 955 0153 3F       		.uleb128 0x3f
 956 0154 19       		.uleb128 0x19
 957 0155 03       		.uleb128 0x3
 958 0156 0E       		.uleb128 0xe
 959 0157 3A       		.uleb128 0x3a
 960 0158 0B       		.uleb128 0xb
ARM GAS  C:\Users\eat46\AppData\Local\Temp\ccK93ZDc.s 			page 23


 961 0159 3B       		.uleb128 0x3b
 962 015a 0B       		.uleb128 0xb
 963 015b 27       		.uleb128 0x27
 964 015c 19       		.uleb128 0x19
 965 015d 3C       		.uleb128 0x3c
 966 015e 19       		.uleb128 0x19
 967 015f 01       		.uleb128 0x1
 968 0160 13       		.uleb128 0x13
 969 0161 00       		.byte	0
 970 0162 00       		.byte	0
 971 0163 1D       		.uleb128 0x1d
 972 0164 2E       		.uleb128 0x2e
 973 0165 01       		.byte	0x1
 974 0166 3F       		.uleb128 0x3f
 975 0167 19       		.uleb128 0x19
 976 0168 03       		.uleb128 0x3
 977 0169 0E       		.uleb128 0xe
 978 016a 3A       		.uleb128 0x3a
 979 016b 0B       		.uleb128 0xb
 980 016c 3B       		.uleb128 0x3b
 981 016d 0B       		.uleb128 0xb
 982 016e 27       		.uleb128 0x27
 983 016f 19       		.uleb128 0x19
 984 0170 49       		.uleb128 0x49
 985 0171 13       		.uleb128 0x13
 986 0172 3C       		.uleb128 0x3c
 987 0173 19       		.uleb128 0x19
 988 0174 01       		.uleb128 0x1
 989 0175 13       		.uleb128 0x13
 990 0176 00       		.byte	0
 991 0177 00       		.byte	0
 992 0178 1E       		.uleb128 0x1e
 993 0179 2E       		.uleb128 0x2e
 994 017a 01       		.byte	0x1
 995 017b 3F       		.uleb128 0x3f
 996 017c 19       		.uleb128 0x19
 997 017d 03       		.uleb128 0x3
 998 017e 0E       		.uleb128 0xe
 999 017f 3A       		.uleb128 0x3a
 1000 0180 0B       		.uleb128 0xb
 1001 0181 3B       		.uleb128 0x3b
 1002 0182 0B       		.uleb128 0xb
 1003 0183 27       		.uleb128 0x27
 1004 0184 19       		.uleb128 0x19
 1005 0185 3C       		.uleb128 0x3c
 1006 0186 19       		.uleb128 0x19
 1007 0187 00       		.byte	0
 1008 0188 00       		.byte	0
 1009 0189 00       		.byte	0
 1010              		.section	.debug_loc,"",%progbits
 1011              	.Ldebug_loc0:
 1012              	.LLST0:
 1013 0000 00000000 		.4byte	.LVL0
 1014 0004 09000000 		.4byte	.LVL2-1
 1015 0008 0100     		.2byte	0x1
 1016 000a 50       		.byte	0x50
 1017 000b 09000000 		.4byte	.LVL2-1
ARM GAS  C:\Users\eat46\AppData\Local\Temp\ccK93ZDc.s 			page 24


 1018 000f 0C000000 		.4byte	.LFE0
 1019 0013 0400     		.2byte	0x4
 1020 0015 F3       		.byte	0xf3
 1021 0016 01       		.uleb128 0x1
 1022 0017 50       		.byte	0x50
 1023 0018 9F       		.byte	0x9f
 1024 0019 00000000 		.4byte	0
 1025 001d 00000000 		.4byte	0
 1026              	.LLST1:
 1027 0021 00000000 		.4byte	.LVL0
 1028 0025 06000000 		.4byte	.LVL1
 1029 0029 0100     		.2byte	0x1
 1030 002b 51       		.byte	0x51
 1031 002c 06000000 		.4byte	.LVL1
 1032 0030 09000000 		.4byte	.LVL2-1
 1033 0034 0100     		.2byte	0x1
 1034 0036 52       		.byte	0x52
 1035 0037 09000000 		.4byte	.LVL2-1
 1036 003b 0C000000 		.4byte	.LFE0
 1037 003f 0400     		.2byte	0x4
 1038 0041 F3       		.byte	0xf3
 1039 0042 01       		.uleb128 0x1
 1040 0043 51       		.byte	0x51
 1041 0044 9F       		.byte	0x9f
 1042 0045 00000000 		.4byte	0
 1043 0049 00000000 		.4byte	0
 1044              	.LLST2:
 1045 004d 90000000 		.4byte	.LVL6
 1046 0051 96000000 		.4byte	.LVL7
 1047 0055 0200     		.2byte	0x2
 1048 0057 30       		.byte	0x30
 1049 0058 9F       		.byte	0x9f
 1050 0059 96000000 		.4byte	.LVL7
 1051 005d AE000000 		.4byte	.LVL10
 1052 0061 0100     		.2byte	0x1
 1053 0063 54       		.byte	0x54
 1054 0064 AE000000 		.4byte	.LVL10
 1055 0068 B0000000 		.4byte	.LVL11
 1056 006c 0300     		.2byte	0x3
 1057 006e 74       		.byte	0x74
 1058 006f 7F       		.sleb128 -1
 1059 0070 9F       		.byte	0x9f
 1060 0071 B0000000 		.4byte	.LVL11
 1061 0075 28010000 		.4byte	.LVL13
 1062 0079 0100     		.2byte	0x1
 1063 007b 54       		.byte	0x54
 1064 007c 00000000 		.4byte	0
 1065 0080 00000000 		.4byte	0
 1066              	.LLST3:
 1067 0084 9E000000 		.4byte	.LVL8
 1068 0088 AB000000 		.4byte	.LVL9-1
 1069 008c 0100     		.2byte	0x1
 1070 008e 53       		.byte	0x53
 1071 008f AB000000 		.4byte	.LVL9-1
 1072 0093 AE000000 		.4byte	.LVL10
 1073 0097 0D00     		.2byte	0xd
 1074 0099 74       		.byte	0x74
ARM GAS  C:\Users\eat46\AppData\Local\Temp\ccK93ZDc.s 			page 25


 1075 009a 00       		.sleb128 0
 1076 009b 31       		.byte	0x31
 1077 009c 24       		.byte	0x24
 1078 009d 74       		.byte	0x74
 1079 009e 00       		.sleb128 0
 1080 009f 22       		.byte	0x22
 1081 00a0 31       		.byte	0x31
 1082 00a1 24       		.byte	0x24
 1083 00a2 75       		.byte	0x75
 1084 00a3 00       		.sleb128 0
 1085 00a4 22       		.byte	0x22
 1086 00a5 9F       		.byte	0x9f
 1087 00a6 AE000000 		.4byte	.LVL10
 1088 00aa B0000000 		.4byte	.LVL11
 1089 00ae 0D00     		.2byte	0xd
 1090 00b0 74       		.byte	0x74
 1091 00b1 7F       		.sleb128 -1
 1092 00b2 74       		.byte	0x74
 1093 00b3 7F       		.sleb128 -1
 1094 00b4 31       		.byte	0x31
 1095 00b5 24       		.byte	0x24
 1096 00b6 22       		.byte	0x22
 1097 00b7 31       		.byte	0x31
 1098 00b8 24       		.byte	0x24
 1099 00b9 75       		.byte	0x75
 1100 00ba 00       		.sleb128 0
 1101 00bb 22       		.byte	0x22
 1102 00bc 9F       		.byte	0x9f
 1103 00bd 00000000 		.4byte	0
 1104 00c1 00000000 		.4byte	0
 1105              		.section	.debug_aranges,"",%progbits
 1106 0000 2C000000 		.4byte	0x2c
 1107 0004 0200     		.2byte	0x2
 1108 0006 00000000 		.4byte	.Ldebug_info0
 1109 000a 04       		.byte	0x4
 1110 000b 00       		.byte	0
 1111 000c 0000     		.2byte	0
 1112 000e 0000     		.2byte	0
 1113 0010 00000000 		.4byte	.LFB0
 1114 0014 0C000000 		.4byte	.LFE0-.LFB0
 1115 0018 00000000 		.4byte	.LFB3
 1116 001c 8C000000 		.4byte	.LFE3-.LFB3
 1117 0020 8C000000 		.4byte	.LFB5
 1118 0024 E0000000 		.4byte	.LFE5-.LFB5
 1119 0028 00000000 		.4byte	0
 1120 002c 00000000 		.4byte	0
 1121              		.section	.debug_ranges,"",%progbits
 1122              	.Ldebug_ranges0:
 1123 0000 92000000 		.4byte	.LBB3
 1124 0004 94000000 		.4byte	.LBE3
 1125 0008 96000000 		.4byte	.LBB4
 1126 000c AC000000 		.4byte	.LBE4
 1127 0010 00000000 		.4byte	0
 1128 0014 00000000 		.4byte	0
 1129 0018 00000000 		.4byte	.LFB0
 1130 001c 0C000000 		.4byte	.LFE0
 1131 0020 00000000 		.4byte	.LFB3
ARM GAS  C:\Users\eat46\AppData\Local\Temp\ccK93ZDc.s 			page 26


 1132 0024 8C000000 		.4byte	.LFE3
 1133 0028 8C000000 		.4byte	.LFB5
 1134 002c 6C010000 		.4byte	.LFE5
 1135 0030 00000000 		.4byte	0
 1136 0034 00000000 		.4byte	0
 1137              		.section	.debug_line,"",%progbits
 1138              	.Ldebug_line0:
 1139 0000 3E010000 		.section	.debug_str,"MS",%progbits,1
 1139      0200D800 
 1139      00000201 
 1139      FB0E0D00 
 1139      01010101 
 1140              	.LASF18:
 1141 0000 72656733 		.ascii	"reg32\000"
 1141      3200
 1142              	.LASF11:
 1143 0006 73697A65 		.ascii	"size_t\000"
 1143      5F7400
 1144              	.LASF32:
 1145 000d 4379496E 		.ascii	"CyIntSetVector\000"
 1145      74536574 
 1145      56656374 
 1145      6F7200
 1146              	.LASF25:
 1147 001c 6366675F 		.ascii	"cfg_memset_list\000"
 1147      6D656D73 
 1147      65745F6C 
 1147      69737400 
 1148              	.LASF21:
 1149 002c 436C6F63 		.ascii	"ClockSetup\000"
 1149      6B536574 
 1149      757000
 1150              	.LASF4:
 1151 0037 73686F72 		.ascii	"short unsigned int\000"
 1151      7420756E 
 1151      7369676E 
 1151      65642069 
 1151      6E7400
 1152              	.LASF15:
 1153 004a 666C6F61 		.ascii	"float\000"
 1153      7400
 1154              	.LASF23:
 1155 0050 73697A65 		.ascii	"size\000"
 1155      00
 1156              	.LASF17:
 1157 0055 72656738 		.ascii	"reg8\000"
 1157      00
 1158              	.LASF6:
 1159 005a 6C6F6E67 		.ascii	"long unsigned int\000"
 1159      20756E73 
 1159      69676E65 
 1159      6420696E 
 1159      7400
 1160              	.LASF12:
 1161 006c 75696E74 		.ascii	"uint8\000"
 1161      3800
 1162              	.LASF20:
ARM GAS  C:\Users\eat46\AppData\Local\Temp\ccK93ZDc.s 			page 27


 1163 0072 43594D45 		.ascii	"CYMEMZERO\000"
 1163      4D5A4552 
 1163      4F00
 1164              	.LASF2:
 1165 007c 756E7369 		.ascii	"unsigned char\000"
 1165      676E6564 
 1165      20636861 
 1165      7200
 1166              	.LASF26:
 1167 008a 6D656D73 		.ascii	"memset\000"
 1167      657400
 1168              	.LASF16:
 1169 0091 646F7562 		.ascii	"double\000"
 1169      6C6500
 1170              	.LASF33:
 1171 0098 4379496E 		.ascii	"CyIntEnable\000"
 1171      74456E61 
 1171      626C6500 
 1172              	.LASF13:
 1173 00a4 75696E74 		.ascii	"uint16\000"
 1173      313600
 1174              	.LASF14:
 1175 00ab 75696E74 		.ascii	"uint32\000"
 1175      333200
 1176              	.LASF0:
 1177 00b2 756E7369 		.ascii	"unsigned int\000"
 1177      676E6564 
 1177      20696E74 
 1177      00
 1178              	.LASF31:
 1179 00bf 63796669 		.ascii	"cyfitter_cfg\000"
 1179      74746572 
 1179      5F636667 
 1179      00
 1180              	.LASF22:
 1181 00cc 61646472 		.ascii	"address\000"
 1181      65737300 
 1182              	.LASF8:
 1183 00d4 6C6F6E67 		.ascii	"long long unsigned int\000"
 1183      206C6F6E 
 1183      6720756E 
 1183      7369676E 
 1183      65642069 
 1184              	.LASF28:
 1185 00eb 474E5520 		.ascii	"GNU C 4.8.4 20140526 (release) [ARM/embedded-4_8-br"
 1185      4320342E 
 1185      382E3420 
 1185      32303134 
 1185      30353236 
 1186 011e 616E6368 		.ascii	"anch revision 211358] -mcpu=cortex-m0 -mthumb -g -O"
 1186      20726576 
 1186      6973696F 
 1186      6E203231 
 1186      31333538 
 1187 0151 67202D66 		.ascii	"g -ffunction-sections\000"
 1187      66756E63 
 1187      74696F6E 
ARM GAS  C:\Users\eat46\AppData\Local\Temp\ccK93ZDc.s 			page 28


 1187      2D736563 
 1187      74696F6E 
 1188              	.LASF19:
 1189 0167 63796973 		.ascii	"cyisraddress\000"
 1189      72616464 
 1189      72657373 
 1189      00
 1190              	.LASF24:
 1191 0174 6366675F 		.ascii	"cfg_memset_t\000"
 1191      6D656D73 
 1191      65745F74 
 1191      00
 1192              	.LASF29:
 1193 0181 2E5C4765 		.ascii	".\\Generated_Source\\PSoC4\\cyfitter_cfg.c\000"
 1193      6E657261 
 1193      7465645F 
 1193      536F7572 
 1193      63655C50 
 1194              	.LASF9:
 1195 01a9 73697A65 		.ascii	"sizetype\000"
 1195      74797065 
 1195      00
 1196              	.LASF7:
 1197 01b2 6C6F6E67 		.ascii	"long long int\000"
 1197      206C6F6E 
 1197      6720696E 
 1197      7400
 1198              	.LASF10:
 1199 01c0 63686172 		.ascii	"char\000"
 1199      00
 1200              	.LASF3:
 1201 01c5 73686F72 		.ascii	"short int\000"
 1201      7420696E 
 1201      7400
 1202              	.LASF27:
 1203 01cf 43795379 		.ascii	"CySysClkWriteImoFreq\000"
 1203      73436C6B 
 1203      57726974 
 1203      65496D6F 
 1203      46726571 
 1204              	.LASF5:
 1205 01e4 6C6F6E67 		.ascii	"long int\000"
 1205      20696E74 
 1205      00
 1206              	.LASF30:
 1207 01ed 453A5C45 		.ascii	"E:\\ECEC304\\ledDynamicControl.cydsn\000"
 1207      43454333 
 1207      30345C6C 
 1207      65644479 
 1207      6E616D69 
 1208              	.LASF1:
 1209 0210 7369676E 		.ascii	"signed char\000"
 1209      65642063 
 1209      68617200 
 1210              		.ident	"GCC: (GNU Tools for ARM Embedded Processors) 4.8.4 20140526 (release) [ARM/embedded-4_8-br
